Archive member included to satisfy reference by file (symbol)

c:/st/stm32cubeide_1.0.2/stm32cubeide/plugins/com.st.stm32cube.ide.mcu.externaltools.gnu-tools-for-stm32.7-2018-q2-update.win32_1.5.0.202011040924/tools/bin/../lib/gcc/arm-none-eabi/7.3.1/../../../../arm-none-eabi/lib/thumb/v7e-m/fpv4-sp/hard\libc_nano.a(lib_a-errno.o)
                              Core/Src/syscalls.o (__errno)
c:/st/stm32cubeide_1.0.2/stm32cubeide/plugins/com.st.stm32cube.ide.mcu.externaltools.gnu-tools-for-stm32.7-2018-q2-update.win32_1.5.0.202011040924/tools/bin/../lib/gcc/arm-none-eabi/7.3.1/../../../../arm-none-eabi/lib/thumb/v7e-m/fpv4-sp/hard\libc_nano.a(lib_a-exit.o)
                              c:/st/stm32cubeide_1.0.2/stm32cubeide/plugins/com.st.stm32cube.ide.mcu.externaltools.gnu-tools-for-stm32.7-2018-q2-update.win32_1.5.0.202011040924/tools/bin/../lib/gcc/arm-none-eabi/7.3.1/../../../../arm-none-eabi/lib/thumb/v7e-m/fpv4-sp/hard/crt0.o (exit)
c:/st/stm32cubeide_1.0.2/stm32cubeide/plugins/com.st.stm32cube.ide.mcu.externaltools.gnu-tools-for-stm32.7-2018-q2-update.win32_1.5.0.202011040924/tools/bin/../lib/gcc/arm-none-eabi/7.3.1/../../../../arm-none-eabi/lib/thumb/v7e-m/fpv4-sp/hard\libc_nano.a(lib_a-impure.o)
                              c:/st/stm32cubeide_1.0.2/stm32cubeide/plugins/com.st.stm32cube.ide.mcu.externaltools.gnu-tools-for-stm32.7-2018-q2-update.win32_1.5.0.202011040924/tools/bin/../lib/gcc/arm-none-eabi/7.3.1/../../../../arm-none-eabi/lib/thumb/v7e-m/fpv4-sp/hard\libc_nano.a(lib_a-exit.o) (_global_impure_ptr)
c:/st/stm32cubeide_1.0.2/stm32cubeide/plugins/com.st.stm32cube.ide.mcu.externaltools.gnu-tools-for-stm32.7-2018-q2-update.win32_1.5.0.202011040924/tools/bin/../lib/gcc/arm-none-eabi/7.3.1/../../../../arm-none-eabi/lib/thumb/v7e-m/fpv4-sp/hard\libc_nano.a(lib_a-init.o)
                              c:/st/stm32cubeide_1.0.2/stm32cubeide/plugins/com.st.stm32cube.ide.mcu.externaltools.gnu-tools-for-stm32.7-2018-q2-update.win32_1.5.0.202011040924/tools/bin/../lib/gcc/arm-none-eabi/7.3.1/../../../../arm-none-eabi/lib/thumb/v7e-m/fpv4-sp/hard/crt0.o (__libc_init_array)
c:/st/stm32cubeide_1.0.2/stm32cubeide/plugins/com.st.stm32cube.ide.mcu.externaltools.gnu-tools-for-stm32.7-2018-q2-update.win32_1.5.0.202011040924/tools/bin/../lib/gcc/arm-none-eabi/7.3.1/../../../../arm-none-eabi/lib/thumb/v7e-m/fpv4-sp/hard\libc_nano.a(lib_a-memset.o)
                              c:/st/stm32cubeide_1.0.2/stm32cubeide/plugins/com.st.stm32cube.ide.mcu.externaltools.gnu-tools-for-stm32.7-2018-q2-update.win32_1.5.0.202011040924/tools/bin/../lib/gcc/arm-none-eabi/7.3.1/../../../../arm-none-eabi/lib/thumb/v7e-m/fpv4-sp/hard/crt0.o (memset)
c:/st/stm32cubeide_1.0.2/stm32cubeide/plugins/com.st.stm32cube.ide.mcu.externaltools.gnu-tools-for-stm32.7-2018-q2-update.win32_1.5.0.202011040924/tools/bin/../lib/gcc/arm-none-eabi/7.3.1/../../../../arm-none-eabi/lib/thumb/v7e-m/fpv4-sp/hard\libc_nano.a(lib_a-strlen.o)
                              Core/Src/main.o (strlen)
c:/st/stm32cubeide_1.0.2/stm32cubeide/plugins/com.st.stm32cube.ide.mcu.externaltools.gnu-tools-for-stm32.7-2018-q2-update.win32_1.5.0.202011040924/tools/bin/../lib/gcc/arm-none-eabi/7.3.1/../../../../arm-none-eabi/lib/thumb/v7e-m/fpv4-sp/hard\libc_nano.a(lib_a-vsprintf.o)
                              Core/Src/main.o (vsprintf)
c:/st/stm32cubeide_1.0.2/stm32cubeide/plugins/com.st.stm32cube.ide.mcu.externaltools.gnu-tools-for-stm32.7-2018-q2-update.win32_1.5.0.202011040924/tools/bin/../lib/gcc/arm-none-eabi/7.3.1/../../../../arm-none-eabi/lib/thumb/v7e-m/fpv4-sp/hard\libc_nano.a(lib_a-nano-svfprintf.o)
                              c:/st/stm32cubeide_1.0.2/stm32cubeide/plugins/com.st.stm32cube.ide.mcu.externaltools.gnu-tools-for-stm32.7-2018-q2-update.win32_1.5.0.202011040924/tools/bin/../lib/gcc/arm-none-eabi/7.3.1/../../../../arm-none-eabi/lib/thumb/v7e-m/fpv4-sp/hard\libc_nano.a(lib_a-vsprintf.o) (_svfprintf_r)
c:/st/stm32cubeide_1.0.2/stm32cubeide/plugins/com.st.stm32cube.ide.mcu.externaltools.gnu-tools-for-stm32.7-2018-q2-update.win32_1.5.0.202011040924/tools/bin/../lib/gcc/arm-none-eabi/7.3.1/../../../../arm-none-eabi/lib/thumb/v7e-m/fpv4-sp/hard\libc_nano.a(lib_a-nano-vfprintf_i.o)
                              c:/st/stm32cubeide_1.0.2/stm32cubeide/plugins/com.st.stm32cube.ide.mcu.externaltools.gnu-tools-for-stm32.7-2018-q2-update.win32_1.5.0.202011040924/tools/bin/../lib/gcc/arm-none-eabi/7.3.1/../../../../arm-none-eabi/lib/thumb/v7e-m/fpv4-sp/hard\libc_nano.a(lib_a-nano-svfprintf.o) (_printf_i)
c:/st/stm32cubeide_1.0.2/stm32cubeide/plugins/com.st.stm32cube.ide.mcu.externaltools.gnu-tools-for-stm32.7-2018-q2-update.win32_1.5.0.202011040924/tools/bin/../lib/gcc/arm-none-eabi/7.3.1/../../../../arm-none-eabi/lib/thumb/v7e-m/fpv4-sp/hard\libc_nano.a(lib_a-memchr.o)
[...]
Memory Configuration

Name             Origin             Length             Attributes
CCMRAM           0x0000000010000000 0x0000000000010000 xrw
RAM              0x0000000020000000 0x0000000000020000 xrw
FLASH            0x0000000008000000 0x0000000000008000 xr
*default*        0x0000000000000000 0xffffffffffffffff

Linker script and memory map

LOAD c:/st/stm32cubeide_1.0.2/stm32cubeide/plugins/com.st.stm32cube.ide.mcu.externaltools.gnu-tools-for-stm32.7-2018-q2-update.win32_1.5.0.202011040924/tools/bin/../lib/gcc/arm-none-eabi/7.3.1/thumb/v7e-m/fpv4-sp/hard/crti.o
LOAD c:/st/stm32cubeide_1.0.2/stm32cubeide/plugins/com.st.stm32cube.ide.mcu.externaltools.gnu-tools-for-stm32.7-2018-q2-update.win32_1.5.0.202011040924/tools/bin/../lib/gcc/arm-none-eabi/7.3.1/thumb/v7e-m/fpv4-sp/hard/crtbegin.o
LOAD c:/st/stm32cubeide_1.0.2/stm32cubeide/plugins/com.st.stm32cube.ide.mcu.externaltools.gnu-tools-for-stm32.7-2018-q2-update.win32_1.5.0.202011040924/tools/bin/../lib/gcc/arm-none-eabi/7.3.1/../../../../arm-none-eabi/lib/thumb/v7e-m/fpv4-sp/hard/crt0.o
LOAD Core/Src/main.o
LOAD Core/Src/stm32f4xx_hal_msp.o
LOAD Core/Src/stm32f4xx_it.o
LOAD Core/Src/syscalls.o
LOAD Core/Src/sysmem.o
LOAD Core/Src/system_stm32f4xx.o
LOAD Core/Startup/startup_stm32f407vgtx.o
LOAD Drivers/STM32F4xx_HAL_Driver/Src/stm32f4xx_hal.o
LOAD Drivers/STM32F4xx_HAL_Driver/Src/stm32f4xx_hal_cortex.o
LOAD Drivers/STM32F4xx_HAL_Driver/Src/stm32f4xx_hal_crc.o
LOAD Drivers/STM32F4xx_HAL_Driver/Src/stm32f4xx_hal_dma.o
LOAD Drivers/STM32F4xx_HAL_Driver/Src/stm32f4xx_hal_dma_ex.o
LOAD Drivers/STM32F4xx_HAL_Driver/Src/stm32f4xx_hal_exti.o
LOAD Drivers/STM32F4xx_HAL_Driver/Src/stm32f4xx_hal_flash.o
LOAD Drivers/STM32F4xx_HAL_Driver/Src/stm32f4xx_hal_flash_ex.o
LOAD Drivers/STM32F4xx_HAL_Driver/Src/stm32f4xx_hal_flash_ramfunc.o
LOAD Drivers/STM32F4xx_HAL_Driver/Src/stm32f4xx_hal_gpio.o
LOAD Drivers/STM32F4xx_HAL_Driver/Src/stm32f4xx_hal_pwr.o
LOAD Drivers/STM32F4xx_HAL_Driver/Src/stm32f4xx_hal_pwr_ex.o
LOAD Drivers/STM32F4xx_HAL_Driver/Src/stm32f4xx_hal_rcc.o
LOAD Drivers/STM32F4xx_HAL_Driver/Src/stm32f4xx_hal_rcc_ex.o
LOAD Drivers/STM32F4xx_HAL_Driver/Src/stm32f4xx_hal_tim.o
LOAD Drivers/STM32F4xx_HAL_Driver/Src/stm32f4xx_hal_tim_ex.o
LOAD Drivers/STM32F4xx_HAL_Driver/Src/stm32f4xx_hal_uart.o
START GROUP
LOAD c:/st/stm32cubeide_1.0.2/stm32cubeide/plugins/com.st.stm32cube.ide.mcu.externaltools.gnu-tools-for-stm32.7-2018-q2-update.win32_1.5.0.202011040924/tools/bin/../lib/gcc/arm-none-eabi/7.3.1/../../../../arm-none-eabi/lib/thumb/v7e-m/fpv4-sp/hard\libc_nano.a
LOAD c:/st/stm32cubeide_1.0.2/stm32cubeide/plugins/com.st.stm32cube.ide.mcu.externaltools.gnu-tools-for-stm32.7-2018-q2-update.win32_1.5.0.202011040924/tools/bin/../lib/gcc/arm-none-eabi/7.3.1/../../../../arm-none-eabi/lib/thumb/v7e-m/fpv4-sp/hard\libm.a
END GROUP
START GROUP
LOAD c:/st/stm32cubeide_1.0.2/stm32cubeide/plugins/com.st.stm32cube.ide.mcu.externaltools.gnu-tools-for-stm32.7-2018-q2-update.win32_1.5.0.202011040924/tools/bin/../lib/gcc/arm-none-eabi/7.3.1/thumb/v7e-m/fpv4-sp/hard\libgcc.a
LOAD c:/st/stm32cubeide_1.0.2/stm32cubeide/plugins/com.st.stm32cube.ide.mcu.externaltools.gnu-tools-for-stm32.7-2018-q2-update.win32_1.5.0.202011040924/tools/bin/../lib/gcc/arm-none-eabi/7.3.1/../../../../arm-none-eabi/lib/thumb/v7e-m/fpv4-sp/hard\libc_nano.a
END GROUP
START GROUP
LOAD c:/st/stm32cubeide_1.0.2/stm32cubeide/plugins/com.st.stm32cube.ide.mcu.externaltools.gnu-tools-for-stm32.7-2018-q2-update.win32_1.5.0.202011040924/tools/bin/../lib/gcc/arm-none-eabi/7.3.1/thumb/v7e-m/fpv4-sp/hard\libgcc.a
LOAD c:/st/stm32cubeide_1.0.2/stm32cubeide/plugins/com.st.stm32cube.ide.mcu.externaltools.gnu-tools-for-stm32.7-2018-q2-update.win32_1.5.0.202011040924/tools/bin/../lib/gcc/arm-none-eabi/7.3.1/../../../../arm-none-eabi/lib/thumb/v7e-m/fpv4-sp/hard\libc_nano.a
LOAD c:/st/stm32cubeide_1.0.2/stm32cubeide/plugins/com.st.stm32cube.ide.mcu.externaltools.gnu-tools-for-stm32.7-2018-q2-update.win32_1.5.0.202011040924/tools/bin/../lib/gcc/arm-none-eabi/7.3.1/../../../../arm-none-eabi/lib/thumb/v7e-m/fpv4-sp/hard\libnosys.a
END GROUP
START GROUP
LOAD c:/st/stm32cubeide_1.0.2/stm32cubeide/plugins/com.st.stm32cube.ide.mcu.externaltools.gnu-tools-for-stm32.7-2018-q2-update.win32_1.5.0.202011040924/tools/bin/../lib/gcc/arm-none-eabi/7.3.1/thumb/v7e-m/fpv4-sp/hard\libgcc.a
LOAD c:/st/stm32cubeide_1.0.2/stm32cubeide/plugins/com.st.stm32cube.ide.mcu.externaltools.gnu-tools-for-stm32.7-2018-q2-update.win32_1.5.0.202011040924/tools/bin/../lib/gcc/arm-none-eabi/7.3.1/../../../../arm-none-eabi/lib/thumb/v7e-m/fpv4-sp/hard\libc_nano.a
LOAD c:/st/stm32cubeide_1.0.2/stm32cubeide/plugins/com.st.stm32cube.ide.mcu.externaltools.gnu-tools-for-stm32.7-2018-q2-update.win32_1.5.0.202011040924/tools/bin/../lib/gcc/arm-none-eabi/7.3.1/../../../../arm-none-eabi/lib/thumb/v7e-m/fpv4-sp/hard\libnosys.a
END GROUP
LOAD c:/st/stm32cubeide_1.0.2/stm32cubeide/plugins/com.st.stm32cube.ide.mcu.externaltools.gnu-tools-for-stm32.7-2018-q2-update.win32_1.5.0.202011040924/tools/bin/../lib/gcc/arm-none-eabi/7.3.1/thumb/v7e-m/fpv4-sp/hard/crtend.o
LOAD c:/st/stm32cubeide_1.0.2/stm32cubeide/plugins/com.st.stm32cube.ide.mcu.externaltools.gnu-tools-for-stm32.7-2018-q2-update.win32_1.5.0.202011040924/tools/bin/../lib/gcc/arm-none-eabi/7.3.1/thumb/v7e-m/fpv4-sp/hard/crtn.o
                0x0000000020020000                _estack = (ORIGIN (RAM) + LENGTH (RAM))
                0x0000000000000200                _Min_Heap_Size = 0x200
                0x0000000000000400                _Min_Stack_Size = 0x400

.isr_vector     0x0000000008000000      0x188
                0x0000000008000000                . = ALIGN (0x4)
 *(.isr_vector)
 .isr_vector    0x0000000008000000      0x188 Core/Startup/startup_stm32f407vgtx.o
                0x0000000008000000                g_pfnVectors
                0x0000000008000188                . = ALIGN (0x4)

.text           0x0000000008000190     0x3f44
                0x0000000008000190                . = ALIGN (0x4)
 *(.text)
 .text          0x0000000008000190       0x40 c:/st/stm32cubeide_1.0.2/stm32cubeide/plugins/com.st.stm32cube.ide.mcu.externaltools.gnu-tools-for-stm32.7-2018-q2-update.win32_1.5.0.202011040924/tools/bin/../lib/gcc/arm-none-eabi/7.3.1/thumb/v7e-m/fpv4-sp/hard/crtbegin.o
 .text          0x00000000080001d0       0x10 c:/st/stm32cubeide_1.0.2/stm32cubeide/plugins/com.st.stm32cube.ide.mcu.externaltools.gnu-tools-for-stm32.7-2018-q2-update.win32_1.5.0.202011040924/tools/bin/../lib/gcc/arm-none-eabi/7.3.1/../../../../arm-none-eabi/lib/thumb/v7e-m/fpv4-sp/hard\libc_nano.a(lib_a-strlen.o)
                0x00000000080001d0                strlen
 .text          0x00000000080001e0       0xa0 c:/st/stm32cubeide_1.0.2/stm32cubeide/plugins/com.st.stm32cube.ide.mcu.externaltools.gnu-tools-for-stm32.7-2018-q2-update.win32_1.5.0.202011040924/tools/bin/../lib/gcc/arm-none-eabi/7.3.1/../../../../arm-none-eabi/lib/thumb/v7e-m/fpv4-sp/hard\libc_nano.a(lib_a-memchr.o)
                0x00000000080001e0                memchr
 .text          0x0000000008000280       0x30 c:/st/stm32cubeide_1.0.2/stm32cubeide/plugins/com.st.stm32cube.ide.mcu.externaltools.gnu-tools-for-stm32.7-2018-q2-update.win32_1.5.0.202011040924/tools/bin/../lib/gcc/arm-none-eabi/7.3.1/thumb/v7e-m/fpv4-sp/hard\libgcc.a(_aeabi_uldivmod.o)
                0x0000000008000280                __aeabi_uldivmod
 .text          0x00000000080002b0      0x2cc c:/st/stm32cubeide_1.0.2/stm32cubeide/plugins/com.st.stm32cube.ide.mcu.externaltools.gnu-tools-for-stm32.7-2018-q2-update.win32_1.5.0.202011040924/tools/bin/../lib/gcc/arm-none-eabi/7.3.1/thumb/v7e-m/fpv4-sp/hard\libgcc.a(_udivmoddi4.o)
                0x00000000080002b0                __udivmoddi4
 .text          0x000000000800057c        0x4 c:/st/stm32cubeide_1.0.2/stm32cubeide/plugins/com.st.stm32cube.ide.mcu.externaltools.gnu-tools-for-stm32.7-2018-q2-update.win32_1.5.0.202011040924/tools/bin/../lib/gcc/arm-none-eabi/7.3.1/thumb/v7e-m/fpv4-sp/hard\libgcc.a(_dvmd_tls.o)
                0x000000000800057c                __aeabi_idiv0
                0x000000000800057c                __aeabi_ldiv0
 *(.text*)
 .text.main     0x0000000008000580       0x3c Core/Src/main.o
                0x0000000008000580                main
 .text.SystemClock_Config
                0x00000000080005bc       0xd4 Core/Src/main.o
                0x00000000080005bc                SystemClock_Config
 .text.MX_CRC_Init
                0x0000000008000690       0x28 Core/Src/main.o
 .text.MX_USART2_UART_Init
                0x00000000080006b8       0x54 Core/Src/main.o
 .text.MX_USART3_UART_Init
                0x000000000800070c       0x54 Core/Src/main.o
 .text.MX_GPIO_Init
                0x0000000008000760      0x168 Core/Src/main.o
 .text.vishwaboot_jumptoApplication
                0x00000000080008c8       0x54 Core/Src/main.o
                0x00000000080008c8                vishwaboot_jumptoApplication
 .text.vishwaboot_runBootloader
                0x000000000800091c       0xfc Core/Src/main.o
                0x000000000800091c                vishwaboot_runBootloader
 .text.bootloader_handle_getver_cmd
                0x0000000008000a18       0x90 Core/Src/main.o
                0x0000000008000a18                bootloader_handle_getver_cmd
 .text.bootloader_handle_gethelp_cmd
                0x0000000008000aa8       0x14 Core/Src/main.o
                0x0000000008000aa8                bootloader_handle_gethelp_cmd
 .text.bootloader_handle_getcid_cmd
                0x0000000008000abc       0x14 Core/Src/main.o
                0x0000000008000abc                bootloader_handle_getcid_cmd
 .text.bootloader_handle_getrdp_cmd
                0x0000000008000ad0       0x14 Core/Src/main.o
                0x0000000008000ad0                bootloader_handle_getrdp_cmd
 .text.bootloader_handle_go_cmd
                0x0000000008000ae4       0x14 Core/Src/main.o
                0x0000000008000ae4                bootloader_handle_go_cmd
 .text.bootloader_handle_flash_erase_cmd
                0x0000000008000af8       0xbc Core/Src/main.o
                0x0000000008000af8                bootloader_handle_flash_erase_cmd
 .text.bootloader_handle_mem_write_cmd
                0x0000000008000bb4      0x10c Core/Src/main.o
                0x0000000008000bb4                bootloader_handle_mem_write_cmd
 .text.bootloader_handle_en_rw_protect
                0x0000000008000cc0       0x14 Core/Src/main.o
                0x0000000008000cc0                bootloader_handle_en_rw_protect
 .text.bootloader_handle_mem_read
                0x0000000008000cd4       0x14 Core/Src/main.o
                0x0000000008000cd4                bootloader_handle_mem_read
 .text.bootloader_handle_read_sector_protection_status
                0x0000000008000ce8       0x14 Core/Src/main.o
                0x0000000008000ce8                bootloader_handle_read_sector_protection_status
 .text.bootloader_handle_read_otp
                0x0000000008000cfc       0x14 Core/Src/main.o
                0x0000000008000cfc                bootloader_handle_read_otp
 .text.bootloader_handle_dis_rw_protect
                0x0000000008000d10       0x14 Core/Src/main.o
                0x0000000008000d10                bootloader_handle_dis_rw_protect
 .text.bootloader_send_ack
                0x0000000008000d24       0x34 Core/Src/main.o
                0x0000000008000d24                bootloader_send_ack
 .text.bootloader_send_nack
                0x0000000008000d58       0x24 Core/Src/main.o
                0x0000000008000d58                bootloader_send_nack
 .text.bootloader_verify_crc
                0x0000000008000d7c       0x68 Core/Src/main.o
                0x0000000008000d7c                bootloader_verify_crc
 .text.get_bootloader_version
                0x0000000008000de4       0x10 Core/Src/main.o
                0x0000000008000de4                get_bootloader_version
 .text.bootloader_uart_write_data
                0x0000000008000df4       0x28 Core/Src/main.o
                0x0000000008000df4                bootloader_uart_write_data
 .text.verify_address
                0x0000000008000e1c       0x7c Core/Src/main.o
                0x0000000008000e1c                verify_address
 .text.execute_flash_erase
                0x0000000008000e98       0x8e Core/Src/main.o
                0x0000000008000e98                execute_flash_erase
 .text.execute_mem_write
                0x0000000008000f26       0x58 Core/Src/main.o
                0x0000000008000f26                execute_mem_write
 *fill*         0x0000000008000f7e        0x2 
 .text.printmsg
                0x0000000008000f80       0x4c Core/Src/main.o
 .text.Error_Handler
                0x0000000008000fcc        0x8 Core/Src/main.o
                0x0000000008000fcc                Error_Handler
 .text.HAL_MspInit
                0x0000000008000fd4       0x50 Core/Src/stm32f4xx_hal_msp.o
                0x0000000008000fd4                HAL_MspInit
 .text.HAL_CRC_MspInit
                0x0000000008001024       0x44 Core/Src/stm32f4xx_hal_msp.o
                0x0000000008001024                HAL_CRC_MspInit
 .text.HAL_CRC_MspDeInit
                0x0000000008001068       0x34 Core/Src/stm32f4xx_hal_msp.o
                0x0000000008001068                HAL_CRC_MspDeInit
 .text.HAL_UART_MspInit
                0x000000000800109c       0xfc Core/Src/stm32f4xx_hal_msp.o
                0x000000000800109c                HAL_UART_MspInit
 .text.HAL_UART_MspDeInit
                0x0000000008001198       0x64 Core/Src/stm32f4xx_hal_msp.o
                0x0000000008001198                HAL_UART_MspDeInit
 .text.NMI_Handler
                0x00000000080011fc        0x6 Core/Src/stm32f4xx_it.o
                0x00000000080011fc                NMI_Handler
 .text.HardFault_Handler
                0x0000000008001202        0x6 Core/Src/stm32f4xx_it.o
                0x0000000008001202                HardFault_Handler
 .text.MemManage_Handler
                0x0000000008001208        0x6 Core/Src/stm32f4xx_it.o
                0x0000000008001208                MemManage_Handler
 .text.BusFault_Handler
                0x000000000800120e        0x6 Core/Src/stm32f4xx_it.o
                0x000000000800120e                BusFault_Handler
 .text.UsageFault_Handler
                0x0000000008001214        0x6 Core/Src/stm32f4xx_it.o
                0x0000000008001214                UsageFault_Handler
 .text.SVC_Handler
                0x000000000800121a        0xe Core/Src/stm32f4xx_it.o
                0x000000000800121a                SVC_Handler
 .text.DebugMon_Handler
                0x0000000008001228        0xe Core/Src/stm32f4xx_it.o
                0x0000000008001228                DebugMon_Handler
 .text.PendSV_Handler
                0x0000000008001236        0xe Core/Src/stm32f4xx_it.o
                0x0000000008001236                PendSV_Handler
 .text.SysTick_Handler
                0x0000000008001244        0xc Core/Src/stm32f4xx_it.o
                0x0000000008001244                SysTick_Handler
 .text._sbrk    0x0000000008001250       0x6c Core/Src/sysmem.o
                0x0000000008001250                _sbrk
 .text.SystemInit
                0x00000000080012bc       0x2c Core/Src/system_stm32f4xx.o
                0x00000000080012bc                SystemInit
 .text.Reset_Handler
                0x00000000080012e8       0x50 Core/Startup/startup_stm32f407vgtx.o
                0x00000000080012e8                Reset_Handler
 .text.Default_Handler
                0x0000000008001338        0x2 Core/Startup/startup_stm32f407vgtx.o
                0x0000000008001338                RTC_Alarm_IRQHandler
                0x0000000008001338                HASH_RNG_IRQHandler
                0x0000000008001338                EXTI2_IRQHandler
                0x0000000008001338                TIM8_CC_IRQHandler
                0x0000000008001338                TIM1_CC_IRQHandler
                0x0000000008001338                DMA2_Stream5_IRQHandler
                0x0000000008001338                DMA1_Stream5_IRQHandler
                0x0000000008001338                PVD_IRQHandler
                0x0000000008001338                SDIO_IRQHandler
                0x0000000008001338                TAMP_STAMP_IRQHandler
                0x0000000008001338                CAN2_RX1_IRQHandler
                0x0000000008001338                EXTI3_IRQHandler
                0x0000000008001338                TIM8_TRG_COM_TIM14_IRQHandler
                0x0000000008001338                TIM1_UP_TIM10_IRQHandler
                0x0000000008001338                TIM8_UP_TIM13_IRQHandler
                0x0000000008001338                I2C3_ER_IRQHandler
                0x0000000008001338                EXTI0_IRQHandler
                0x0000000008001338                I2C2_EV_IRQHandler
                0x0000000008001338                DMA1_Stream2_IRQHandler
                0x0000000008001338                CAN1_RX0_IRQHandler
                0x0000000008001338                FPU_IRQHandler
                0x0000000008001338                OTG_HS_WKUP_IRQHandler
                0x0000000008001338                CAN2_SCE_IRQHandler
                0x0000000008001338                DMA2_Stream2_IRQHandler
                0x0000000008001338                SPI1_IRQHandler
                0x0000000008001338                TIM6_DAC_IRQHandler
                0x0000000008001338                TIM1_BRK_TIM9_IRQHandler
                0x0000000008001338                DCMI_IRQHandler
                0x0000000008001338                CAN2_RX0_IRQHandler
                0x0000000008001338                DMA2_Stream3_IRQHandler
                0x0000000008001338                USART6_IRQHandler
                0x0000000008001338                USART3_IRQHandler
                0x0000000008001338                CAN1_RX1_IRQHandler
                0x0000000008001338                UART5_IRQHandler
                0x0000000008001338                DMA2_Stream0_IRQHandler
                0x0000000008001338                TIM4_IRQHandler
                0x0000000008001338                I2C1_EV_IRQHandler
                0x0000000008001338                DMA1_Stream6_IRQHandler
                0x0000000008001338                DMA1_Stream1_IRQHandler
                0x0000000008001338                UART4_IRQHandler
                0x0000000008001338                TIM3_IRQHandler
                0x0000000008001338                RCC_IRQHandler
                0x0000000008001338                TIM8_BRK_TIM12_IRQHandler
                0x0000000008001338                Default_Handler
                0x0000000008001338                EXTI15_10_IRQHandler
                0x0000000008001338                ADC_IRQHandler
                0x0000000008001338                DMA1_Stream7_IRQHandler
                0x0000000008001338                TIM7_IRQHandler
                0x0000000008001338                CAN2_TX_IRQHandler
                0x0000000008001338                TIM5_IRQHandler
                0x0000000008001338                DMA2_Stream7_IRQHandler
                0x0000000008001338                I2C3_EV_IRQHandler
                0x0000000008001338                EXTI9_5_IRQHandler
                0x0000000008001338                RTC_WKUP_IRQHandler
                0x0000000008001338                ETH_WKUP_IRQHandler
                0x0000000008001338                SPI2_IRQHandler
                0x0000000008001338                OTG_HS_EP1_IN_IRQHandler
                0x0000000008001338                DMA1_Stream0_IRQHandler
                0x0000000008001338                CAN1_TX_IRQHandler
                0x0000000008001338                EXTI4_IRQHandler
                0x0000000008001338                FSMC_IRQHandler
                0x0000000008001338                ETH_IRQHandler
                0x0000000008001338                OTG_HS_EP1_OUT_IRQHandler
                0x0000000008001338                WWDG_IRQHandler
                0x0000000008001338                TIM2_IRQHandler
                0x0000000008001338                OTG_FS_WKUP_IRQHandler
                0x0000000008001338                TIM1_TRG_COM_TIM11_IRQHandler
                0x0000000008001338                OTG_HS_IRQHandler
                0x0000000008001338                EXTI1_IRQHandler
                0x0000000008001338                USART2_IRQHandler
                0x0000000008001338                I2C2_ER_IRQHandler
                0x0000000008001338                DMA2_Stream1_IRQHandler
                0x0000000008001338                CAN1_SCE_IRQHandler
                0x0000000008001338                FLASH_IRQHandler
                0x0000000008001338                DMA2_Stream4_IRQHandler
                0x0000000008001338                USART1_IRQHandler
                0x0000000008001338                OTG_FS_IRQHandler
                0x0000000008001338                SPI3_IRQHandler
                0x0000000008001338                DMA1_Stream4_IRQHandler
                0x0000000008001338                I2C1_ER_IRQHandler
                0x0000000008001338                DMA2_Stream6_IRQHandler
                0x0000000008001338                DMA1_Stream3_IRQHandler
 *fill*         0x000000000800133a        0x2 
 .text.HAL_Init
                0x000000000800133c       0x44 Drivers/STM32F4xx_HAL_Driver/Src/stm32f4xx_hal.o
                0x000000000800133c                HAL_Init
 .text.HAL_DeInit
                0x0000000008001380       0x58 Drivers/STM32F4xx_HAL_Driver/Src/stm32f4xx_hal.o
                0x0000000008001380                HAL_DeInit
 .text.HAL_MspDeInit
                0x00000000080013d8        0xe Drivers/STM32F4xx_HAL_Driver/Src/stm32f4xx_hal.o
                0x00000000080013d8                HAL_MspDeInit
 *fill*         0x00000000080013e6        0x2 
 .text.HAL_InitTick
                0x00000000080013e8       0x60 Drivers/STM32F4xx_HAL_Driver/Src/stm32f4xx_hal.o
                0x00000000080013e8                HAL_InitTick
 .text.HAL_IncTick
                0x0000000008001448       0x28 Drivers/STM32F4xx_HAL_Driver/Src/stm32f4xx_hal.o
                0x0000000008001448                HAL_IncTick
 .text.HAL_GetTick
                0x0000000008001470       0x18 Drivers/STM32F4xx_HAL_Driver/Src/stm32f4xx_hal.o
                0x0000000008001470                HAL_GetTick
 .text.HAL_Delay
                0x0000000008001488       0x44 Drivers/STM32F4xx_HAL_Driver/Src/stm32f4xx_hal.o
                0x0000000008001488                HAL_Delay
 .text.__NVIC_SetPriorityGrouping
                0x00000000080014cc       0x48 Drivers/STM32F4xx_HAL_Driver/Src/stm32f4xx_hal_cortex.o
 .text.__NVIC_GetPriorityGrouping
                0x0000000008001514       0x1c Drivers/STM32F4xx_HAL_Driver/Src/stm32f4xx_hal_cortex.o
 .text.__NVIC_SetPriority
                0x0000000008001530       0x54 Drivers/STM32F4xx_HAL_Driver/Src/stm32f4xx_hal_cortex.o
 .text.NVIC_EncodePriority
                0x0000000008001584       0x66 Drivers/STM32F4xx_HAL_Driver/Src/stm32f4xx_hal_cortex.o
 *fill*         0x00000000080015ea        0x2 
 .text.SysTick_Config
                0x00000000080015ec       0x44 Drivers/STM32F4xx_HAL_Driver/Src/stm32f4xx_hal_cortex.o
 .text.HAL_NVIC_SetPriorityGrouping
                0x0000000008001630       0x16 Drivers/STM32F4xx_HAL_Driver/Src/stm32f4xx_hal_cortex.o
                0x0000000008001630                HAL_NVIC_SetPriorityGrouping
 .text.HAL_NVIC_SetPriority
                0x0000000008001646       0x38 Drivers/STM32F4xx_HAL_Driver/Src/stm32f4xx_hal_cortex.o
                0x0000000008001646                HAL_NVIC_SetPriority
 .text.HAL_SYSTICK_Config
                0x000000000800167e       0x18 Drivers/STM32F4xx_HAL_Driver/Src/stm32f4xx_hal_cortex.o
                0x000000000800167e                HAL_SYSTICK_Config
 .text.HAL_CRC_Init
                0x0000000008001696       0x38 Drivers/STM32F4xx_HAL_Driver/Src/stm32f4xx_hal_crc.o
                0x0000000008001696                HAL_CRC_Init
 .text.HAL_CRC_DeInit
                0x00000000080016ce       0x60 Drivers/STM32F4xx_HAL_Driver/Src/stm32f4xx_hal_crc.o
                0x00000000080016ce                HAL_CRC_DeInit
 .text.HAL_CRC_Accumulate
                0x000000000800172e       0x56 Drivers/STM32F4xx_HAL_Driver/Src/stm32f4xx_hal_crc.o
                0x000000000800172e                HAL_CRC_Accumulate
 .text.HAL_FLASH_Program
                0x0000000008001784       0xa8 Drivers/STM32F4xx_HAL_Driver/Src/stm32f4xx_hal_flash.o
                0x0000000008001784                HAL_FLASH_Program
 .text.HAL_FLASH_Unlock
                0x000000000800182c       0x44 Drivers/STM32F4xx_HAL_Driver/Src/stm32f4xx_hal_flash.o
                0x000000000800182c                HAL_FLASH_Unlock
 .text.HAL_FLASH_Lock
                0x0000000008001870       0x20 Drivers/STM32F4xx_HAL_Driver/Src/stm32f4xx_hal_flash.o
                0x0000000008001870                HAL_FLASH_Lock
 .text.FLASH_WaitForLastOperation
                0x0000000008001890       0x80 Drivers/STM32F4xx_HAL_Driver/Src/stm32f4xx_hal_flash.o
                0x0000000008001890                FLASH_WaitForLastOperation
 .text.FLASH_Program_DoubleWord
                0x0000000008001910       0x60 Drivers/STM32F4xx_HAL_Driver/Src/stm32f4xx_hal_flash.o
 .text.FLASH_Program_Word
                0x0000000008001970       0x44 Drivers/STM32F4xx_HAL_Driver/Src/stm32f4xx_hal_flash.o
 .text.FLASH_Program_HalfWord
                0x00000000080019b4       0x48 Drivers/STM32F4xx_HAL_Driver/Src/stm32f4xx_hal_flash.o
 .text.FLASH_Program_Byte
                0x00000000080019fc       0x44 Drivers/STM32F4xx_HAL_Driver/Src/stm32f4xx_hal_flash.o
 .text.FLASH_SetErrorCode
                0x0000000008001a40       0xac Drivers/STM32F4xx_HAL_Driver/Src/stm32f4xx_hal_flash.o
 .text.HAL_FLASHEx_Erase
                0x0000000008001aec       0xe0 Drivers/STM32F4xx_HAL_Driver/Src/stm32f4xx_hal_flash_ex.o
                0x0000000008001aec                HAL_FLASHEx_Erase
 .text.FLASH_MassErase
                0x0000000008001bcc       0x48 Drivers/STM32F4xx_HAL_Driver/Src/stm32f4xx_hal_flash_ex.o
 .text.FLASH_Erase_Sector
                0x0000000008001c14       0x90 Drivers/STM32F4xx_HAL_Driver/Src/stm32f4xx_hal_flash_ex.o
                0x0000000008001c14                FLASH_Erase_Sector
 .text.FLASH_FlushCaches
                0x0000000008001ca4       0x8c Drivers/STM32F4xx_HAL_Driver/Src/stm32f4xx_hal_flash_ex.o
                0x0000000008001ca4                FLASH_FlushCaches
 .text.HAL_GPIO_Init
                0x0000000008001d30      0x334 Drivers/STM32F4xx_HAL_Driver/Src/stm32f4xx_hal_gpio.o
                0x0000000008001d30                HAL_GPIO_Init
 .text.HAL_GPIO_DeInit
                0x0000000008002064      0x1f4 Drivers/STM32F4xx_HAL_Driver/Src/stm32f4xx_hal_gpio.o
                0x0000000008002064                HAL_GPIO_DeInit
 .text.HAL_GPIO_ReadPin
                0x0000000008002258       0x30 Drivers/STM32F4xx_HAL_Driver/Src/stm32f4xx_hal_gpio.o
                0x0000000008002258                HAL_GPIO_ReadPin
 .text.HAL_GPIO_WritePin
                0x0000000008002288       0x32 Drivers/STM32F4xx_HAL_Driver/Src/stm32f4xx_hal_gpio.o
                0x0000000008002288                HAL_GPIO_WritePin
 .text.HAL_GPIO_TogglePin
                0x00000000080022ba       0x36 Drivers/STM32F4xx_HAL_Driver/Src/stm32f4xx_hal_gpio.o
                0x00000000080022ba                HAL_GPIO_TogglePin
 .text.HAL_RCC_OscConfig
                0x00000000080022f0      0x4e0 Drivers/STM32F4xx_HAL_Driver/Src/stm32f4xx_hal_rcc.o
                0x00000000080022f0                HAL_RCC_OscConfig
 .text.HAL_RCC_ClockConfig
                0x00000000080027d0      0x1cc Drivers/STM32F4xx_HAL_Driver/Src/stm32f4xx_hal_rcc.o
                0x00000000080027d0                HAL_RCC_ClockConfig
 .text.HAL_RCC_GetSysClockFreq
                0x000000000800299c      0x1b0 Drivers/STM32F4xx_HAL_Driver/Src/stm32f4xx_hal_rcc.o
                0x000000000800299c                HAL_RCC_GetSysClockFreq
 .text.HAL_RCC_GetHCLKFreq
                0x0000000008002b4c       0x18 Drivers/STM32F4xx_HAL_Driver/Src/stm32f4xx_hal_rcc.o
                0x0000000008002b4c                HAL_RCC_GetHCLKFreq
 .text.HAL_RCC_GetPCLK1Freq
                0x0000000008002b64       0x28 Drivers/STM32F4xx_HAL_Driver/Src/stm32f4xx_hal_rcc.o
                0x0000000008002b64                HAL_RCC_GetPCLK1Freq
 .text.HAL_RCC_GetPCLK2Freq
                0x0000000008002b8c       0x28 Drivers/STM32F4xx_HAL_Driver/Src/stm32f4xx_hal_rcc.o
                0x0000000008002b8c                HAL_RCC_GetPCLK2Freq
 .text.HAL_RCC_DeInit
                0x0000000008002bb4      0x19c Drivers/STM32F4xx_HAL_Driver/Src/stm32f4xx_hal_rcc_ex.o
                0x0000000008002bb4                HAL_RCC_DeInit
 .text.HAL_UART_Init
                0x0000000008002d50       0x9a Drivers/STM32F4xx_HAL_Driver/Src/stm32f4xx_hal_uart.o
                0x0000000008002d50                HAL_UART_Init
 .text.HAL_UART_DeInit
                0x0000000008002dea       0x58 Drivers/STM32F4xx_HAL_Driver/Src/stm32f4xx_hal_uart.o
                0x0000000008002dea                HAL_UART_DeInit
 .text.HAL_UART_Transmit
                0x0000000008002e42      0x132 Drivers/STM32F4xx_HAL_Driver/Src/stm32f4xx_hal_uart.o
                0x0000000008002e42                HAL_UART_Transmit
 .text.HAL_UART_Receive
                0x0000000008002f74      0x14c Drivers/STM32F4xx_HAL_Driver/Src/stm32f4xx_hal_uart.o
                0x0000000008002f74                HAL_UART_Receive
 .text.UART_WaitOnFlagUntilTimeout
                0x00000000080030c0       0x94 Drivers/STM32F4xx_HAL_Driver/Src/stm32f4xx_hal_uart.o
 .text.UART_SetConfig
                0x0000000008003154      0x6f8 Drivers/STM32F4xx_HAL_Driver/Src/stm32f4xx_hal_uart.o
 .text.__errno  0x000000000800384c        0xc c:/st/stm32cubeide_1.0.2/stm32cubeide/plugins/com.st.stm32cube.ide.mcu.externaltools.gnu-tools-for-stm32.7-2018-q2-update.win32_1.5.0.202011040924/tools/bin/../lib/gcc/arm-none-eabi/7.3.1/../../../../arm-none-eabi/lib/thumb/v7e-m/fpv4-sp/hard\libc_nano.a(lib_a-errno.o)
                0x000000000800384c                __errno
 .text.__libc_init_array
                0x0000000008003858       0x48 c:/st/stm32cubeide_1.0.2/stm32cubeide/plugins/com.st.stm32cube.ide.mcu.externaltools.gnu-tools-for-stm32.7-2018-q2-update.win32_1.5.0.202011040924/tools/bin/../lib/gcc/arm-none-eabi/7.3.1/../../../../arm-none-eabi/lib/thumb/v7e-m/fpv4-sp/hard\libc_nano.a(lib_a-init.o)
                0x0000000008003858                __libc_init_array
 .text.memset   0x00000000080038a0       0x10 c:/st/stm32cubeide_1.0.2/stm32cubeide/plugins/com.st.stm32cube.ide.mcu.externaltools.gnu-tools-for-stm32.7-2018-q2-update.win32_1.5.0.202011040924/tools/bin/../lib/gcc/arm-none-eabi/7.3.1/../../../../arm-none-eabi/lib/thumb/v7e-m/fpv4-sp/hard\libc_nano.a(lib_a-memset.o)
                0x00000000080038a0                memset
 .text._vsprintf_r
                0x00000000080038b0       0x2c c:/st/stm32cubeide_1.0.2/stm32cubeide/plugins/com.st.stm32cube.ide.mcu.externaltools.gnu-tools-for-stm32.7-2018-q2-update.win32_1.5.0.202011040924/tools/bin/../lib/gcc/arm-none-eabi/7.3.1/../../../../arm-none-eabi/lib/thumb/v7e-m/fpv4-sp/hard\libc_nano.a(lib_a-vsprintf.o)
                0x00000000080038b0                _vsprintf_r
                0x00000000080038b0                _vsiprintf_r
 .text.vsprintf
                0x00000000080038dc       0x14 c:/st/stm32cubeide_1.0.2/stm32cubeide/plugins/com.st.stm32cube.ide.mcu.externaltools.gnu-tools-for-stm32.7-2018-q2-update.win32_1.5.0.202011040924/tools/bin/../lib/gcc/arm-none-eabi/7.3.1/../../../../arm-none-eabi/lib/thumb/v7e-m/fpv4-sp/hard\libc_nano.a(lib_a-vsprintf.o)
                0x00000000080038dc                vsiprintf
                0x00000000080038dc                vsprintf
 .text.__ssputs_r
                0x00000000080038f0       0xb4 c:/st/stm32cubeide_1.0.2/stm32cubeide/plugins/com.st.stm32cube.ide.mcu.externaltools.gnu-tools-for-stm32.7-2018-q2-update.win32_1.5.0.202011040924/tools/bin/../lib/gcc/arm-none-eabi/7.3.1/../../../../arm-none-eabi/lib/thumb/v7e-m/fpv4-sp/hard\libc_nano.a(lib_a-nano-svfprintf.o)
                0x00000000080038f0                __ssputs_r
 .text._svfprintf_r
                0x00000000080039a4      0x1f0 c:/st/stm32cubeide_1.0.2/stm32cubeide/plugins/com.st.stm32cube.ide.mcu.externaltools.gnu-tools-for-stm32.7-2018-q2-update.win32_1.5.0.202011040924/tools/bin/../lib/gcc/arm-none-eabi/7.3.1/../../../../arm-none-eabi/lib/thumb/v7e-m/fpv4-sp/hard\libc_nano.a(lib_a-nano-svfprintf.o)
                0x00000000080039a4                _svfiprintf_r
                0x00000000080039a4                _svfprintf_r
 .text._printf_common
                0x0000000008003b94       0xea c:/st/stm32cubeide_1.0.2/stm32cubeide/plugins/com.st.stm32cube.ide.mcu.externaltools.gnu-tools-for-stm32.7-2018-q2-update.win32_1.5.0.202011040924/tools/bin/../lib/gcc/arm-none-eabi/7.3.1/../../../../arm-none-eabi/lib/thumb/v7e-m/fpv4-sp/hard\libc_nano.a(lib_a-nano-vfprintf_i.o)
                0x0000000008003b94                _printf_common
 *fill*         0x0000000008003c7e        0x2 
 .text._printf_i
                0x0000000008003c80      0x224 c:/st/stm32cubeide_1.0.2/stm32cubeide/plugins/com.st.stm32cube.ide.mcu.externaltools.gnu-tools-for-stm32.7-2018-q2-update.win32_1.5.0.202011040924/tools/bin/../lib/gcc/arm-none-eabi/7.3.1/../../../../arm-none-eabi/lib/thumb/v7e-m/fpv4-sp/hard\libc_nano.a(lib_a-nano-vfprintf_i.o)
                0x0000000008003c80                _printf_i
 .text.memcpy   0x0000000008003ea4       0x16 c:/st/stm32cubeide_1.0.2/stm32cubeide/plugins/com.st.stm32cube.ide.mcu.externaltools.gnu-tools-for-stm32.7-2018-q2-update.win32_1.5.0.202011040924/tools/bin/../lib/gcc/arm-none-eabi/7.3.1/../../../../arm-none-eabi/lib/thumb/v7e-m/fpv4-sp/hard\libc_nano.a(lib_a-memcpy-stub.o)
                0x0000000008003ea4                memcpy
 .text.memmove  0x0000000008003eba       0x32 c:/st/stm32cubeide_1.0.2/stm32cubeide/plugins/com.st.stm32cube.ide.mcu.externaltools.gnu-tools-for-stm32.7-2018-q2-update.win32_1.5.0.202011040924/tools/bin/../lib/gcc/arm-none-eabi/7.3.1/../../../../arm-none-eabi/lib/thumb/v7e-m/fpv4-sp/hard\libc_nano.a(lib_a-memmove.o)
                0x0000000008003eba                memmove
 .text._free_r  0x0000000008003eec       0x9c c:/st/stm32cubeide_1.0.2/stm32cubeide/plugins/com.st.stm32cube.ide.mcu.externaltools.gnu-tools-for-stm32.7-2018-q2-update.win32_1.5.0.202011040924/tools/bin/../lib/gcc/arm-none-eabi/7.3.1/../../../../arm-none-eabi/lib/thumb/v7e-m/fpv4-sp/hard\libc_nano.a(lib_a-nano-freer.o)
                0x0000000008003eec                _free_r
 .text._malloc_r
                0x0000000008003f88       0xb4 c:/st/stm32cubeide_1.0.2/stm32cubeide/plugins/com.st.stm32cube.ide.mcu.externaltools.gnu-tools-for-stm32.7-2018-q2-update.win32_1.5.0.202011040924/tools/bin/../lib/gcc/arm-none-eabi/7.3.1/../../../../arm-none-eabi/lib/thumb/v7e-m/fpv4-sp/hard\libc_nano.a(lib_a-nano-mallocr.o)
                0x0000000008003f88                _malloc_r
 .text._realloc_r
                0x000000000800403c       0x4c c:/st/stm32cubeide_1.0.2/stm32cubeide/plugins/com.st.stm32cube.ide.mcu.externaltools.gnu-tools-for-stm32.7-2018-q2-update.win32_1.5.0.202011040924/tools/bin/../lib/gcc/arm-none-eabi/7.3.1/../../../../arm-none-eabi/lib/thumb/v7e-m/fpv4-sp/hard\libc_nano.a(lib_a-nano-reallocr.o)
                0x000000000800403c                _realloc_r
 .text._sbrk_r  0x0000000008004088       0x20 c:/st/stm32cubeide_1.0.2/stm32cubeide/plugins/com.st.stm32cube.ide.mcu.externaltools.gnu-tools-for-stm32.7-2018-q2-update.win32_1.5.0.202011040924/tools/bin/../lib/gcc/arm-none-eabi/7.3.1/../../../../arm-none-eabi/lib/thumb/v7e-m/fpv4-sp/hard\libc_nano.a(lib_a-sbrkr.o)
                0x0000000008004088                _sbrk_r
 .text.__malloc_lock
                0x00000000080040a8        0x2 c:/st/stm32cubeide_1.0.2/stm32cubeide/plugins/com.st.stm32cube.ide.mcu.externaltools.gnu-tools-for-stm32.7-2018-q2-update.win32_1.5.0.202011040924/tools/bin/../lib/gcc/arm-none-eabi/7.3.1/../../../../arm-none-eabi/lib/thumb/v7e-m/fpv4-sp/hard\libc_nano.a(lib_a-mlock.o)
                0x00000000080040a8                __malloc_lock
 .text.__malloc_unlock
                0x00000000080040aa        0x2 c:/st/stm32cubeide_1.0.2/stm32cubeide/plugins/com.st.stm32cube.ide.mcu.externaltools.gnu-tools-for-stm32.7-2018-q2-update.win32_1.5.0.202011040924/tools/bin/../lib/gcc/arm-none-eabi/7.3.1/../../../../arm-none-eabi/lib/thumb/v7e-m/fpv4-sp/hard\libc_nano.a(lib_a-mlock.o)
                0x00000000080040aa                __malloc_unlock
 .text._malloc_usable_size_r
                0x00000000080040ac       0x10 c:/st/stm32cubeide_1.0.2/stm32cubeide/plugins/com.st.stm32cube.ide.mcu.externaltools.gnu-tools-for-stm32.7-2018-q2-update.win32_1.5.0.202011040924/tools/bin/../lib/gcc/arm-none-eabi/7.3.1/../../../../arm-none-eabi/lib/thumb/v7e-m/fpv4-sp/hard\libc_nano.a(lib_a-nano-msizer.o)
                0x00000000080040ac                _malloc_usable_size_r
 *(.glue_7)
 .glue_7        0x00000000080040bc        0x0 linker stubs
 *(.glue_7t)
 .glue_7t       0x00000000080040bc        0x0 linker stubs
 *(.eh_frame)
 .eh_frame      0x00000000080040bc        0x0 c:/st/stm32cubeide_1.0.2/stm32cubeide/plugins/com.st.stm32cube.ide.mcu.externaltools.gnu-tools-for-stm32.7-2018-q2-update.win32_1.5.0.202011040924/tools/bin/../lib/gcc/arm-none-eabi/7.3.1/thumb/v7e-m/fpv4-sp/hard/crtbegin.o
 *(.init)
 .init          0x00000000080040bc        0x4 c:/st/stm32cubeide_1.0.2/stm32cubeide/plugins/com.st.stm32cube.ide.mcu.externaltools.gnu-tools-for-stm32.7-2018-q2-update.win32_1.5.0.202011040924/tools/bin/../lib/gcc/arm-none-eabi/7.3.1/thumb/v7e-m/fpv4-sp/hard/crti.o
                0x00000000080040bc                _init
 .init          0x00000000080040c0        0x8 c:/st/stm32cubeide_1.0.2/stm32cubeide/plugins/com.st.stm32cube.ide.mcu.externaltools.gnu-tools-for-stm32.7-2018-q2-update.win32_1.5.0.202011040924/tools/bin/../lib/gcc/arm-none-eabi/7.3.1/thumb/v7e-m/fpv4-sp/hard/crtn.o
 *(.fini)
 .fini          0x00000000080040c8        0x4 c:/st/stm32cubeide_1.0.2/stm32cubeide/plugins/com.st.stm32cube.ide.mcu.externaltools.gnu-tools-for-stm32.7-2018-q2-update.win32_1.5.0.202011040924/tools/bin/../lib/gcc/arm-none-eabi/7.3.1/thumb/v7e-m/fpv4-sp/hard/crti.o
                0x00000000080040c8                _fini
 .fini          0x00000000080040cc        0x8 c:/st/stm32cubeide_1.0.2/stm32cubeide/plugins/com.st.stm32cube.ide.mcu.externaltools.gnu-tools-for-stm32.7-2018-q2-update.win32_1.5.0.202011040924/tools/bin/../lib/gcc/arm-none-eabi/7.3.1/thumb/v7e-m/fpv4-sp/hard/crtn.o
                0x00000000080040d4                . = ALIGN (0x4)
                0x00000000080040d4                _etext = .

.vfp11_veneer   0x00000000080040d4        0x0
 .vfp11_veneer  0x00000000080040d4        0x0 linker stubs

.v4_bx          0x00000000080040d4        0x0
 .v4_bx         0x00000000080040d4        0x0 linker stubs

.iplt           0x00000000080040d4        0x0
 .iplt          0x00000000080040d4        0x0 c:/st/stm32cubeide_1.0.2/stm32cubeide/plugins/com.st.stm32cube.ide.mcu.externaltools.gnu-tools-for-stm32.7-2018-q2-update.win32_1.5.0.202011040924/tools/bin/../lib/gcc/arm-none-eabi/7.3.1/thumb/v7e-m/fpv4-sp/hard/crtbegin.o

.rodata         0x00000000080040d4      0x258
                0x00000000080040d4                . = ALIGN (0x4)
 *(.rodata)
 .rodata        0x00000000080040d4      0x20c Core/Src/main.o
 *(.rodata*)
 .rodata.AHBPrescTable
                0x00000000080042e0       0x10 Core/Src/system_stm32f4xx.o
                0x00000000080042e0                AHBPrescTable
 .rodata.APBPrescTable
                0x00000000080042f0        0x8 Core/Src/system_stm32f4xx.o
                0x00000000080042f0                APBPrescTable
 .rodata._svfprintf_r.str1.1
                0x00000000080042f8       0x11 c:/st/stm32cubeide_1.0.2/stm32cubeide/plugins/com.st.stm32cube.ide.mcu.externaltools.gnu-tools-for-stm32.7-2018-q2-update.win32_1.5.0.202011040924/tools/bin/../lib/gcc/arm-none-eabi/7.3.1/../../../../arm-none-eabi/lib/thumb/v7e-m/fpv4-sp/hard\libc_nano.a(lib_a-nano-svfprintf.o)
 .rodata._printf_i.str1.1
                0x0000000008004309       0x22 c:/st/stm32cubeide_1.0.2/stm32cubeide/plugins/com.st.stm32cube.ide.mcu.externaltools.gnu-tools-for-stm32.7-2018-q2-update.win32_1.5.0.202011040924/tools/bin/../lib/gcc/arm-none-eabi/7.3.1/../../../../arm-none-eabi/lib/thumb/v7e-m/fpv4-sp/hard\libc_nano.a(lib_a-nano-vfprintf_i.o)
                0x000000000800432c                . = ALIGN (0x4)
 *fill*         0x000000000800432b        0x1 

.ARM.extab      0x000000000800432c        0x0
                0x000000000800432c                . = ALIGN (0x4)
 *(.ARM.extab* .gnu.linkonce.armextab.*)
                0x000000000800432c                . = ALIGN (0x4)

.ARM            0x000000000800432c        0x8
                0x000000000800432c                . = ALIGN (0x4)
                0x000000000800432c                __exidx_start = .
 *(.ARM.exidx*)
 .ARM.exidx     0x000000000800432c        0x8 c:/st/stm32cubeide_1.0.2/stm32cubeide/plugins/com.st.stm32cube.ide.mcu.externaltools.gnu-tools-for-stm32.7-2018-q2-update.win32_1.5.0.202011040924/tools/bin/../lib/gcc/arm-none-eabi/7.3.1/thumb/v7e-m/fpv4-sp/hard\libgcc.a(_udivmoddi4.o)
                0x0000000008004334                __exidx_end = .
                0x0000000008004334                . = ALIGN (0x4)

.rel.dyn        0x0000000008004334        0x0
 .rel.iplt      0x0000000008004334        0x0 c:/st/stm32cubeide_1.0.2/stm32cubeide/plugins/com.st.stm32cube.ide.mcu.externaltools.gnu-tools-for-stm32.7-2018-q2-update.win32_1.5.0.202011040924/tools/bin/../lib/gcc/arm-none-eabi/7.3.1/thumb/v7e-m/fpv4-sp/hard/crtbegin.o

.preinit_array  0x0000000008004334        0x0
                0x0000000008004334                . = ALIGN (0x4)
                0x0000000008004334                PROVIDE (__preinit_array_start = .)
 *(.preinit_array*)
                0x0000000008004334                PROVIDE (__preinit_array_end = .)
                0x0000000008004334                . = ALIGN (0x4)

.init_array     0x0000000008004334        0x4
                0x0000000008004334                . = ALIGN (0x4)
                0x0000000008004334                PROVIDE (__init_array_start = .)
 *(SORT_BY_NAME(.init_array.*))
 *(.init_array*)
 .init_array    0x0000000008004334        0x4 c:/st/stm32cubeide_1.0.2/stm32cubeide/plugins/com.st.stm32cube.ide.mcu.externaltools.gnu-tools-for-stm32.7-2018-q2-update.win32_1.5.0.202011040924/tools/bin/../lib/gcc/arm-none-eabi/7.3.1/thumb/v7e-m/fpv4-sp/hard/crtbegin.o
                0x0000000008004338                PROVIDE (__init_array_end = .)
                0x0000000008004338                . = ALIGN (0x4)

.fini_array     0x0000000008004338        0x4
                0x0000000008004338                . = ALIGN (0x4)
                [!provide]                        PROVIDE (__fini_array_start = .)
 *(SORT_BY_NAME(.fini_array.*))
 *(.fini_array*)
 .fini_array    0x0000000008004338        0x4 c:/st/stm32cubeide_1.0.2/stm32cubeide/plugins/com.st.stm32cube.ide.mcu.externaltools.gnu-tools-for-stm32.7-2018-q2-update.win32_1.5.0.202011040924/tools/bin/../lib/gcc/arm-none-eabi/7.3.1/thumb/v7e-m/fpv4-sp/hard/crtbegin.o
                [!provide]                        PROVIDE (__fini_array_end = .)
                0x000000000800433c                . = ALIGN (0x4)
                0x000000000800433c                _sidata = LOADADDR (.data)

.data           0x0000000020000000       0x70 load address 0x000000000800433c
                0x0000000020000000                . = ALIGN (0x4)
                0x0000000020000000                _sdata = .
 *(.data)
 *(.data*)
 .data.SystemCoreClock
                0x0000000020000000        0x4 Core/Src/system_stm32f4xx.o
                0x0000000020000000                SystemCoreClock
 .data.uwTickPrio
                0x0000000020000004        0x4 Drivers/STM32F4xx_HAL_Driver/Src/stm32f4xx_hal.o
                0x0000000020000004                uwTickPrio
 .data.uwTickFreq
                0x0000000020000008        0x1 Drivers/STM32F4xx_HAL_Driver/Src/stm32f4xx_hal.o
                0x0000000020000008                uwTickFreq
 *fill*         0x0000000020000009        0x3 
 .data._impure_ptr
                0x000000002000000c        0x4 c:/st/stm32cubeide_1.0.2/stm32cubeide/plugins/com.st.stm32cube.ide.mcu.externaltools.gnu-tools-for-stm32.7-2018-q2-update.win32_1.5.0.202011040924/tools/bin/../lib/gcc/arm-none-eabi/7.3.1/../../../../arm-none-eabi/lib/thumb/v7e-m/fpv4-sp/hard\libc_nano.a(lib_a-impure.o)
                0x000000002000000c                _impure_ptr
 .data.impure_data
                0x0000000020000010       0x60 c:/st/stm32cubeide_1.0.2/stm32cubeide/plugins/com.st.stm32cube.ide.mcu.externaltools.gnu-tools-for-stm32.7-2018-q2-update.win32_1.5.0.202011040924/tools/bin/../lib/gcc/arm-none-eabi/7.3.1/../../../../arm-none-eabi/lib/thumb/v7e-m/fpv4-sp/hard\libc_nano.a(lib_a-impure.o)
 *(.RamFunc)
 *(.RamFunc*)
                0x0000000020000070                . = ALIGN (0x4)
                0x0000000020000070                _edata = .

.igot.plt       0x0000000020000070        0x0 load address 0x00000000080043ac
 .igot.plt      0x0000000020000070        0x0 c:/st/stm32cubeide_1.0.2/stm32cubeide/plugins/com.st.stm32cube.ide.mcu.externaltools.gnu-tools-for-stm32.7-2018-q2-update.win32_1.5.0.202011040924/tools/bin/../lib/gcc/arm-none-eabi/7.3.1/thumb/v7e-m/fpv4-sp/hard/crtbegin.o
                0x0000000020000070                . = ALIGN (0x4)

.bss            0x0000000020000070      0x1a8 load address 0x00000000080043ac
                0x0000000020000070                _sbss = .
                0x0000000020000070                __bss_start__ = _sbss
 *(.bss)
 .bss           0x0000000020000070       0x1c c:/st/stm32cubeide_1.0.2/stm32cubeide/plugins/com.st.stm32cube.ide.mcu.externaltools.gnu-tools-for-stm32.7-2018-q2-update.win32_1.5.0.202011040924/tools/bin/../lib/gcc/arm-none-eabi/7.3.1/thumb/v7e-m/fpv4-sp/hard/crtbegin.o
 *(.bss*)
 .bss.rcv_len   0x000000002000008c        0x1 Core/Src/main.o
                0x000000002000008c                rcv_len
 *fill*         0x000000002000008d        0x3 
 .bss.write_request_counter
                0x0000000020000090        0x4 Core/Src/main.o
                0x0000000020000090                write_request_counter
 .bss.__sbrk_heap_end
                0x0000000020000094        0x4 Core/Src/sysmem.o
 .bss.__malloc_free_list
                0x0000000020000098        0x4 c:/st/stm32cubeide_1.0.2/stm32cubeide/plugins/com.st.stm32cube.ide.mcu.externaltools.gnu-tools-for-stm32.7-2018-q2-update.win32_1.5.0.202011040924/tools/bin/../lib/gcc/arm-none-eabi/7.3.1/../../../../arm-none-eabi/lib/thumb/v7e-m/fpv4-sp/hard\libc_nano.a(lib_a-nano-mallocr.o)
                0x0000000020000098                __malloc_free_list
 .bss.__malloc_sbrk_start
                0x000000002000009c        0x4 c:/st/stm32cubeide_1.0.2/stm32cubeide/plugins/com.st.stm32cube.ide.mcu.externaltools.gnu-tools-for-stm32.7-2018-q2-update.win32_1.5.0.202011040924/tools/bin/../lib/gcc/arm-none-eabi/7.3.1/../../../../arm-none-eabi/lib/thumb/v7e-m/fpv4-sp/hard\libc_nano.a(lib_a-nano-mallocr.o)
                0x000000002000009c                __malloc_sbrk_start
 *(COMMON)
 COMMON         0x00000000200000a0      0x150 Core/Src/main.o
                0x00000000200000a0                huart3
                0x00000000200000e0                hcrc
                0x00000000200000e8                huart2
                0x0000000020000128                bl_rx_buffer
 COMMON         0x00000000200001f0        0x4 Drivers/STM32F4xx_HAL_Driver/Src/stm32f4xx_hal.o
                0x00000000200001f0                uwTick
 COMMON         0x00000000200001f4       0x20 Drivers/STM32F4xx_HAL_Driver/Src/stm32f4xx_hal_flash.o
                0x00000000200001f4                pFlash
 COMMON         0x0000000020000214        0x4 c:/st/stm32cubeide_1.0.2/stm32cubeide/plugins/com.st.stm32cube.ide.mcu.externaltools.gnu-tools-for-stm32.7-2018-q2-update.win32_1.5.0.202011040924/tools/bin/../lib/gcc/arm-none-eabi/7.3.1/../../../../arm-none-eabi/lib/thumb/v7e-m/fpv4-sp/hard\libc_nano.a(lib_a-reent.o)
                0x0000000020000214                errno
                0x0000000020000218                . = ALIGN (0x4)
                0x0000000020000218                _ebss = .
                0x0000000020000218                __bss_end__ = _ebss

._user_heap_stack
                0x0000000020000218      0x600 load address 0x00000000080043ac
                0x0000000020000218                . = ALIGN (0x8)
                [!provide]                        PROVIDE (end = .)
                0x0000000020000218                PROVIDE (_end = .)
                0x0000000020000418                . = (. + _Min_Heap_Size)
 *fill*         0x0000000020000218      0x200 
                0x0000000020000818                . = (. + _Min_Stack_Size)
 *fill*         0x0000000020000418      0x400 
                0x0000000020000818                . = ALIGN (0x8)

/DISCARD/
 libc.a(*)
 libm.a(*)
 libgcc.a(*)

.ARM.attributes
                0x0000000000000000       0x30
 *(.ARM.attributes)
 .ARM.attributes
                0x0000000000000000       0x22 c:/st/stm32cubeide_1.0.2/stm32cubeide/plugins/com.st.stm32cube.ide.mcu.externaltools.gnu-tools-for-stm32.7-2018-q2-update.win32_1.5.0.202011040924/tools/bin/../lib/gcc/arm-none-eabi/7.3.1/thumb/v7e-m/fpv4-sp/hard/crti.o
 .ARM.attributes
                0x0000000000000022       0x34 c:/st/stm32cubeide_1.0.2/stm32cubeide/plugins/com.st.stm32cube.ide.mcu.externaltools.gnu-tools-for-stm32.7-2018-q2-update.win32_1.5.0.202011040924/tools/bin/../lib/gcc/arm-none-eabi/7.3.1/thumb/v7e-m/fpv4-sp/hard/crtbegin.o
 .ARM.attributes
                0x0000000000000056       0x39 Core/Src/main.o
 .ARM.attributes
                0x000000000000008f       0x39 Core/Src/stm32f4xx_hal_msp.o
 .ARM.attributes
                0x00000000000000c8       0x39 Core/Src/stm32f4xx_it.o
 .ARM.attributes
                0x0000000000000101       0x39 Core/Src/sysmem.o
 .ARM.attributes
                0x000000000000013a       0x39 Core/Src/system_stm32f4xx.o
 .ARM.attributes
                0x0000000000000173       0x21 Core/Startup/startup_stm32f407vgtx.o
 .ARM.attributes
                0x0000000000000194       0x39 Drivers/STM32F4xx_HAL_Driver/Src/stm32f4xx_hal.o
 .ARM.attributes
                0x00000000000001cd       0x39 Drivers/STM32F4xx_HAL_Driver/Src/stm32f4xx_hal_cortex.o
 .ARM.attributes
                0x0000000000000206       0x39 Drivers/STM32F4xx_HAL_Driver/Src/stm32f4xx_hal_crc.o
 .ARM.attributes
                0x000000000000023f       0x39 Drivers/STM32F4xx_HAL_Driver/Src/stm32f4xx_hal_flash.o
 .ARM.attributes
                0x0000000000000278       0x39 Drivers/STM32F4xx_HAL_Driver/Src/stm32f4xx_hal_flash_ex.o
 .ARM.attributes
                0x00000000000002b1       0x39 Drivers/STM32F4xx_HAL_Driver/Src/stm32f4xx_hal_gpio.o
 .ARM.attributes
                0x00000000000002ea       0x39 Drivers/STM32F4xx_HAL_Driver/Src/stm32f4xx_hal_rcc.o
 .ARM.attributes
                0x0000000000000323       0x39 Drivers/STM32F4xx_HAL_Driver/Src/stm32f4xx_hal_rcc_ex.o
 .ARM.attributes
                0x000000000000035c       0x39 Drivers/STM32F4xx_HAL_Driver/Src/stm32f4xx_hal_uart.o
 .ARM.attributes
                0x0000000000000395       0x34 c:/st/stm32cubeide_1.0.2/stm32cubeide/plugins/com.st.stm32cube.ide.mcu.externaltools.gnu-tools-for-stm32.7-2018-q2-update.win32_1.5.0.202011040924/tools/bin/../lib/gcc/arm-none-eabi/7.3.1/../../../../arm-none-eabi/lib/thumb/v7e-m/fpv4-sp/hard\libc_nano.a(lib_a-errno.o)
 .ARM.attributes
                0x00000000000003c9       0x34 c:/st/stm32cubeide_1.0.2/stm32cubeide/plugins/com.st.stm32cube.ide.mcu.externaltools.gnu-tools-for-stm32.7-2018-q2-update.win32_1.5.0.202011040924/tools/bin/../lib/gcc/arm-none-eabi/7.3.1/../../../../arm-none-eabi/lib/thumb/v7e-m/fpv4-sp/hard\libc_nano.a(lib_a-impure.o)
 .ARM.attributes
                0x00000000000003fd       0x34 c:/st/stm32cubeide_1.0.2/stm32cubeide/plugins/com.st.stm32cube.ide.mcu.externaltools.gnu-tools-for-stm32.7-2018-q2-update.win32_1.5.0.202011040924/tools/bin/../lib/gcc/arm-none-eabi/7.3.1/../../../../arm-none-eabi/lib/thumb/v7e-m/fpv4-sp/hard\libc_nano.a(lib_a-init.o)
 .ARM.attributes
                0x0000000000000431       0x34 c:/st/stm32cubeide_1.0.2/stm32cubeide/plugins/com.st.stm32cube.ide.mcu.externaltools.gnu-tools-for-stm32.7-2018-q2-update.win32_1.5.0.202011040924/tools/bin/../lib/gcc/arm-none-eabi/7.3.1/../../../../arm-none-eabi/lib/thumb/v7e-m/fpv4-sp/hard\libc_nano.a(lib_a-memset.o)
 .ARM.attributes
                0x0000000000000465       0x1b c:/st/stm32cubeide_1.0.2/stm32cubeide/plugins/com.st.stm32cube.ide.mcu.externaltools.gnu-tools-for-stm32.7-2018-q2-update.win32_1.5.0.202011040924/tools/bin/../lib/gcc/arm-none-eabi/7.3.1/../../../../arm-none-eabi/lib/thumb/v7e-m/fpv4-sp/hard\libc_nano.a(lib_a-strlen.o)
 .ARM.attributes
                0x0000000000000480       0x34 c:/st/stm32cubeide_1.0.2/stm32cubeide/plugins/com.st.stm32cube.ide.mcu.externaltools.gnu-tools-for-stm32.7-2018-q2-update.win32_1.5.0.202011040924/tools/bin/../lib/gcc/arm-none-eabi/7.3.1/../../../../arm-none-eabi/lib/thumb/v7e-m/fpv4-sp/hard\libc_nano.a(lib_a-vsprintf.o)
 .ARM.attributes
                0x00000000000004b4       0x34 c:/st/stm32cubeide_1.0.2/stm32cubeide/plugins/com.st.stm32cube.ide.mcu.externaltools.gnu-tools-for-stm32.7-2018-q2-update.win32_1.5.0.202011040924/tools/bin/../lib/gcc/arm-none-eabi/7.3.1/../../../../arm-none-eabi/lib/thumb/v7e-m/fpv4-sp/hard\libc_nano.a(lib_a-nano-svfprintf.o)
 .ARM.attributes
                0x00000000000004e8       0x34 c:/st/stm32cubeide_1.0.2/stm32cubeide/plugins/com.st.stm32cube.ide.mcu.externaltools.gnu-tools-for-stm32.7-2018-q2-update.win32_1.5.0.202011040924/tools/bin/../lib/gcc/arm-none-eabi/7.3.1/../../../../arm-none-eabi/lib/thumb/v7e-m/fpv4-sp/hard\libc_nano.a(lib_a-nano-vfprintf_i.o)
 .ARM.attributes
                0x000000000000051c       0x20 c:/st/stm32cubeide_1.0.2/stm32cubeide/plugins/com.st.stm32cube.ide.mcu.externaltools.gnu-tools-for-stm32.7-2018-q2-update.win32_1.5.0.202011040924/tools/bin/../lib/gcc/arm-none-eabi/7.3.1/../../../../arm-none-eabi/lib/thumb/v7e-m/fpv4-sp/hard\libc_nano.a(lib_a-memchr.o)
 .ARM.attributes
                0x000000000000053c       0x34 c:/st/stm32cubeide_1.0.2/stm32cubeide/plugins/com.st.stm32cube.ide.mcu.externaltools.gnu-tools-for-stm32.7-2018-q2-update.win32_1.5.0.202011040924/tools/bin/../lib/gcc/arm-none-eabi/7.3.1/../../../../arm-none-eabi/lib/thumb/v7e-m/fpv4-sp/hard\libc_nano.a(lib_a-memcpy-stub.o)
 .ARM.attributes
                0x0000000000000570       0x34 c:/st/stm32cubeide_1.0.2/stm32cubeide/plugins/com.st.stm32cube.ide.mcu.externaltools.gnu-tools-for-stm32.7-2018-q2-update.win32_1.5.0.202011040924/tools/bin/../lib/gcc/arm-none-eabi/7.3.1/../../../../arm-none-eabi/lib/thumb/v7e-m/fpv4-sp/hard\libc_nano.a(lib_a-memmove.o)
 .ARM.attributes
                0x00000000000005a4       0x34 c:/st/stm32cubeide_1.0.2/stm32cubeide/plugins/com.st.stm32cube.ide.mcu.externaltools.gnu-tools-for-stm32.7-2018-q2-update.win32_1.5.0.202011040924/tools/bin/../lib/gcc/arm-none-eabi/7.3.1/../../../../arm-none-eabi/lib/thumb/v7e-m/fpv4-sp/hard\libc_nano.a(lib_a-nano-freer.o)
 .ARM.attributes
                0x00000000000005d8       0x34 c:/st/stm32cubeide_1.0.2/stm32cubeide/plugins/com.st.stm32cube.ide.mcu.externaltools.gnu-tools-for-stm32.7-2018-q2-update.win32_1.5.0.202011040924/tools/bin/../lib/gcc/arm-none-eabi/7.3.1/../../../../arm-none-eabi/lib/thumb/v7e-m/fpv4-sp/hard\libc_nano.a(lib_a-nano-mallocr.o)
 .ARM.attributes
                0x000000000000060c       0x34 c:/st/stm32cubeide_1.0.2/stm32cubeide/plugins/com.st.stm32cube.ide.mcu.externaltools.gnu-tools-for-stm32.7-2018-q2-update.win32_1.5.0.202011040924/tools/bin/../lib/gcc/arm-none-eabi/7.3.1/../../../../arm-none-eabi/lib/thumb/v7e-m/fpv4-sp/hard\libc_nano.a(lib_a-nano-reallocr.o)
 .ARM.attributes
                0x0000000000000640       0x34 c:/st/stm32cubeide_1.0.2/stm32cubeide/plugins/com.st.stm32cube.ide.mcu.externaltools.gnu-tools-for-stm32.7-2018-q2-update.win32_1.5.0.202011040924/tools/bin/../lib/gcc/arm-none-eabi/7.3.1/../../../../arm-none-eabi/lib/thumb/v7e-m/fpv4-sp/hard\libc_nano.a(lib_a-sbrkr.o)
 .ARM.attributes
                0x0000000000000674       0x34 c:/st/stm32cubeide_1.0.2/stm32cubeide/plugins/com.st.stm32cube.ide.mcu.externaltools.gnu-tools-for-stm32.7-2018-q2-update.win32_1.5.0.202011040924/tools/bin/../lib/gcc/arm-none-eabi/7.3.1/../../../../arm-none-eabi/lib/thumb/v7e-m/fpv4-sp/hard\libc_nano.a(lib_a-mlock.o)
 .ARM.attributes
                0x00000000000006a8       0x34 c:/st/stm32cubeide_1.0.2/stm32cubeide/plugins/com.st.stm32cube.ide.mcu.externaltools.gnu-tools-for-stm32.7-2018-q2-update.win32_1.5.0.202011040924/tools/bin/../lib/gcc/arm-none-eabi/7.3.1/../../../../arm-none-eabi/lib/thumb/v7e-m/fpv4-sp/hard\libc_nano.a(lib_a-nano-msizer.o)
 .ARM.attributes
                0x00000000000006dc       0x34 c:/st/stm32cubeide_1.0.2/stm32cubeide/plugins/com.st.stm32cube.ide.mcu.externaltools.gnu-tools-for-stm32.7-2018-q2-update.win32_1.5.0.202011040924/tools/bin/../lib/gcc/arm-none-eabi/7.3.1/../../../../arm-none-eabi/lib/thumb/v7e-m/fpv4-sp/hard\libc_nano.a(lib_a-reent.o)
 .ARM.attributes
                0x0000000000000710       0x22 c:/st/stm32cubeide_1.0.2/stm32cubeide/plugins/com.st.stm32cube.ide.mcu.externaltools.gnu-tools-for-stm32.7-2018-q2-update.win32_1.5.0.202011040924/tools/bin/../lib/gcc/arm-none-eabi/7.3.1/thumb/v7e-m/fpv4-sp/hard\libgcc.a(_aeabi_uldivmod.o)
 .ARM.attributes
                0x0000000000000732       0x34 c:/st/stm32cubeide_1.0.2/stm32cubeide/plugins/com.st.stm32cube.ide.mcu.externaltools.gnu-tools-for-stm32.7-2018-q2-update.win32_1.5.0.202011040924/tools/bin/../lib/gcc/arm-none-eabi/7.3.1/thumb/v7e-m/fpv4-sp/hard\libgcc.a(_udivmoddi4.o)
 .ARM.attributes
                0x0000000000000766       0x22 c:/st/stm32cubeide_1.0.2/stm32cubeide/plugins/com.st.stm32cube.ide.mcu.externaltools.gnu-tools-for-stm32.7-2018-q2-update.win32_1.5.0.202011040924/tools/bin/../lib/gcc/arm-none-eabi/7.3.1/thumb/v7e-m/fpv4-sp/hard\libgcc.a(_dvmd_tls.o)
 .ARM.attributes
                0x0000000000000788       0x22 c:/st/stm32cubeide_1.0.2/stm32cubeide/plugins/com.st.stm32cube.ide.mcu.externaltools.gnu-tools-for-stm32.7-2018-q2-update.win32_1.5.0.202011040924/tools/bin/../lib/gcc/arm-none-eabi/7.3.1/thumb/v7e-m/fpv4-sp/hard/crtn.o
OUTPUT(blinkyboot.elf elf32-littlearm)

.debug_info     0x0000000000000000     0x9997
 .debug_info    0x0000000000000000     0x1c19 Core/Src/main.o
 .debug_info    0x0000000000001c19     0x12c3 Core/Src/stm32f4xx_hal_msp.o
 .debug_info    0x0000000000002edc      0xa1c Core/Src/stm32f4xx_it.o
 .debug_info    0x00000000000038f8      0x985 Core/Src/sysmem.o
 .debug_info    0x000000000000427d      0x554 Core/Src/system_stm32f4xx.o
 .debug_info    0x00000000000047d1       0x22 Core/Startup/startup_stm32f407vgtx.o
 .debug_info    0x00000000000047f3      0x945 Drivers/STM32F4xx_HAL_Driver/Src/stm32f4xx_hal.o
 .debug_info    0x0000000000005138      0xe28 Drivers/STM32F4xx_HAL_Driver/Src/stm32f4xx_hal_cortex.o
 .debug_info    0x0000000000005f60      0x441 Drivers/STM32F4xx_HAL_Driver/Src/stm32f4xx_hal_crc.o
 .debug_info    0x00000000000063a1      0x622 Drivers/STM32F4xx_HAL_Driver/Src/stm32f4xx_hal_flash.o
 .debug_info    0x00000000000069c3      0x721 Drivers/STM32F4xx_HAL_Driver/Src/stm32f4xx_hal_flash_ex.o
 .debug_info    0x00000000000070e4      0x7b5 Drivers/STM32F4xx_HAL_Driver/Src/stm32f4xx_hal_gpio.o
 .debug_info    0x0000000000007899      0x904 Drivers/STM32F4xx_HAL_Driver/Src/stm32f4xx_hal_rcc.o
 .debug_info    0x000000000000819d      0x5ae Drivers/STM32F4xx_HAL_Driver/Src/stm32f4xx_hal_rcc_ex.o
 .debug_info    0x000000000000874b     0x124c Drivers/STM32F4xx_HAL_Driver/Src/stm32f4xx_hal_uart.o

.debug_abbrev   0x0000000000000000     0x1cb2
 .debug_abbrev  0x0000000000000000      0x382 Core/Src/main.o
 .debug_abbrev  0x0000000000000382      0x208 Core/Src/stm32f4xx_hal_msp.o
 .debug_abbrev  0x000000000000058a      0x1ad Core/Src/stm32f4xx_it.o
 .debug_abbrev  0x0000000000000737      0x19b Core/Src/sysmem.o
 .debug_abbrev  0x00000000000008d2      0x12b Core/Src/system_stm32f4xx.o
 .debug_abbrev  0x00000000000009fd       0x12 Core/Startup/startup_stm32f407vgtx.o
 .debug_abbrev  0x0000000000000a0f      0x1c7 Drivers/STM32F4xx_HAL_Driver/Src/stm32f4xx_hal.o
 .debug_abbrev  0x0000000000000bd6      0x2fa Drivers/STM32F4xx_HAL_Driver/Src/stm32f4xx_hal_cortex.o
 .debug_abbrev  0x0000000000000ed0      0x1b7 Drivers/STM32F4xx_HAL_Driver/Src/stm32f4xx_hal_crc.o
 .debug_abbrev  0x0000000000001087      0x248 Drivers/STM32F4xx_HAL_Driver/Src/stm32f4xx_hal_flash.o
 .debug_abbrev  0x00000000000012cf      0x220 Drivers/STM32F4xx_HAL_Driver/Src/stm32f4xx_hal_flash_ex.o
 .debug_abbrev  0x00000000000014ef      0x1c9 Drivers/STM32F4xx_HAL_Driver/Src/stm32f4xx_hal_gpio.o
 .debug_abbrev  0x00000000000016b8      0x245 Drivers/STM32F4xx_HAL_Driver/Src/stm32f4xx_hal_rcc.o
 .debug_abbrev  0x00000000000018fd      0x173 Drivers/STM32F4xx_HAL_Driver/Src/stm32f4xx_hal_rcc_ex.o
 .debug_abbrev  0x0000000000001a70      0x242 Drivers/STM32F4xx_HAL_Driver/Src/stm32f4xx_hal_uart.o

.debug_aranges  0x0000000000000000      0x8c0
 .debug_aranges
                0x0000000000000000      0x128 Core/Src/main.o
 .debug_aranges
                0x0000000000000128       0x40 Core/Src/stm32f4xx_hal_msp.o
 .debug_aranges
                0x0000000000000168       0x60 Core/Src/stm32f4xx_it.o
 .debug_aranges
                0x00000000000001c8       0x20 Core/Src/sysmem.o
 .debug_aranges
                0x00000000000001e8       0x28 Core/Src/system_stm32f4xx.o
 .debug_aranges
                0x0000000000000210       0x28 Core/Startup/startup_stm32f407vgtx.o
 .debug_aranges
                0x0000000000000238       0xf0 Drivers/STM32F4xx_HAL_Driver/Src/stm32f4xx_hal.o
 .debug_aranges
                0x0000000000000328      0x118 Drivers/STM32F4xx_HAL_Driver/Src/stm32f4xx_hal_cortex.o
 .debug_aranges
                0x0000000000000440       0x50 Drivers/STM32F4xx_HAL_Driver/Src/stm32f4xx_hal_crc.o
 .debug_aranges
                0x0000000000000490       0xa0 Drivers/STM32F4xx_HAL_Driver/Src/stm32f4xx_hal_flash.o
 .debug_aranges
                0x0000000000000530       0x98 Drivers/STM32F4xx_HAL_Driver/Src/stm32f4xx_hal_flash_ex.o
 .debug_aranges
                0x00000000000005c8       0x58 Drivers/STM32F4xx_HAL_Driver/Src/stm32f4xx_hal_gpio.o
 .debug_aranges
                0x0000000000000620       0x88 Drivers/STM32F4xx_HAL_Driver/Src/stm32f4xx_hal_rcc.o
 .debug_aranges
                0x00000000000006a8       0x48 Drivers/STM32F4xx_HAL_Driver/Src/stm32f4xx_hal_rcc_ex.o
 .debug_aranges
                0x00000000000006f0      0x1d0 Drivers/STM32F4xx_HAL_Driver/Src/stm32f4xx_hal_uart.o

.debug_ranges   0x0000000000000000      0x7d8
 .debug_ranges  0x0000000000000000      0x118 Core/Src/main.o
 .debug_ranges  0x0000000000000118       0x30 Core/Src/stm32f4xx_hal_msp.o
 .debug_ranges  0x0000000000000148       0x50 Core/Src/stm32f4xx_it.o
 .debug_ranges  0x0000000000000198       0x10 Core/Src/sysmem.o
 .debug_ranges  0x00000000000001a8       0x18 Core/Src/system_stm32f4xx.o
 .debug_ranges  0x00000000000001c0       0x20 Core/Startup/startup_stm32f407vgtx.o
 .debug_ranges  0x00000000000001e0       0xe0 Drivers/STM32F4xx_HAL_Driver/Src/stm32f4xx_hal.o
 .debug_ranges  0x00000000000002c0      0x108 Drivers/STM32F4xx_HAL_Driver/Src/stm32f4xx_hal_cortex.o
 .debug_ranges  0x00000000000003c8       0x40 Drivers/STM32F4xx_HAL_Driver/Src/stm32f4xx_hal_crc.o
 .debug_ranges  0x0000000000000408       0x90 Drivers/STM32F4xx_HAL_Driver/Src/stm32f4xx_hal_flash.o
 .debug_ranges  0x0000000000000498       0x88 Drivers/STM32F4xx_HAL_Driver/Src/stm32f4xx_hal_flash_ex.o
 .debug_ranges  0x0000000000000520       0x48 Drivers/STM32F4xx_HAL_Driver/Src/stm32f4xx_hal_gpio.o
 .debug_ranges  0x0000000000000568       0x78 Drivers/STM32F4xx_HAL_Driver/Src/stm32f4xx_hal_rcc.o
 .debug_ranges  0x00000000000005e0       0x38 Drivers/STM32F4xx_HAL_Driver/Src/stm32f4xx_hal_rcc_ex.o
 .debug_ranges  0x0000000000000618      0x1c0 Drivers/STM32F4xx_HAL_Driver/Src/stm32f4xx_hal_uart.o

.debug_macro    0x0000000000000000    0x206b1
 .debug_macro   0x0000000000000000      0x2a4 Core/Src/main.o
 .debug_macro   0x00000000000002a4      0xa5a Core/Src/main.o
 .debug_macro   0x0000000000000cfe      0x294 Core/Src/main.o
 .debug_macro   0x0000000000000f92       0x2e Core/Src/main.o
 .debug_macro   0x0000000000000fc0       0x2f Core/Src/main.o
 .debug_macro   0x0000000000000fef       0x22 Core/Src/main.o
 .debug_macro   0x0000000000001011       0x8e Core/Src/main.o
 .debug_macro   0x000000000000109f       0x51 Core/Src/main.o
 .debug_macro   0x00000000000010f0       0xef Core/Src/main.o
 .debug_macro   0x00000000000011df       0x6a Core/Src/main.o
 .debug_macro   0x0000000000001249      0x1df Core/Src/main.o
 .debug_macro   0x0000000000001428       0x1c Core/Src/main.o
 .debug_macro   0x0000000000001444       0x22 Core/Src/main.o
 .debug_macro   0x0000000000001466       0xdf Core/Src/main.o
 .debug_macro   0x0000000000001545     0x102d Core/Src/main.o
 .debug_macro   0x0000000000002572      0x11f Core/Src/main.o
 .debug_macro   0x0000000000002691    0x15e3c Core/Src/main.o
 .debug_macro   0x00000000000184cd       0x43 Core/Src/main.o
 .debug_macro   0x0000000000018510     0x3659 Core/Src/main.o
 .debug_macro   0x000000000001bb69      0x174 Core/Src/main.o
 .debug_macro   0x000000000001bcdd       0x5a Core/Src/main.o
 .debug_macro   0x000000000001bd37      0x96b Core/Src/main.o
 .debug_macro   0x000000000001c6a2      0x9fe Core/Src/main.o
 .debug_macro   0x000000000001d0a0      0x117 Core/Src/main.o
 .debug_macro   0x000000000001d1b7      0x13e Core/Src/main.o
 .debug_macro   0x000000000001d2f5       0x27 Core/Src/main.o
 .debug_macro   0x000000000001d31c      0x174 Core/Src/main.o
 .debug_macro   0x000000000001d490      0x287 Core/Src/main.o
 .debug_macro   0x000000000001d717       0x5f Core/Src/main.o
 .debug_macro   0x000000000001d776      0x236 Core/Src/main.o
 .debug_macro   0x000000000001d9ac       0x22 Core/Src/main.o
 .debug_macro   0x000000000001d9ce      0x12c Core/Src/main.o
 .debug_macro   0x000000000001dafa      0x21e Core/Src/main.o
 .debug_macro   0x000000000001dd18       0x2e Core/Src/main.o
 .debug_macro   0x000000000001dd46      0x11a Core/Src/main.o
 .debug_macro   0x000000000001de60       0x7e Core/Src/main.o
 .debug_macro   0x000000000001dede       0x89 Core/Src/main.o
 .debug_macro   0x000000000001df67      0x287 Core/Src/main.o
 .debug_macro   0x000000000001e1ee      0x12d Core/Src/main.o
 .debug_macro   0x000000000001e31b       0x46 Core/Src/main.o
 .debug_macro   0x000000000001e361       0x18 Core/Src/main.o
 .debug_macro   0x000000000001e379       0x3c Core/Src/main.o
 .debug_macro   0x000000000001e3b5       0x34 Core/Src/main.o
 .debug_macro   0x000000000001e3e9       0x52 Core/Src/main.o
 .debug_macro   0x000000000001e43b       0x1f Core/Src/main.o
 .debug_macro   0x000000000001e45a       0x43 Core/Src/main.o
 .debug_macro   0x000000000001e49d       0x20 Core/Src/main.o
 .debug_macro   0x000000000001e4bd      0x1a3 Core/Src/main.o
 .debug_macro   0x000000000001e660      0x32a Core/Src/main.o
 .debug_macro   0x000000000001e98a       0x10 Core/Src/main.o
 .debug_macro   0x000000000001e99a       0x35 Core/Src/main.o
 .debug_macro   0x000000000001e9cf       0x20 Core/Src/main.o
 .debug_macro   0x000000000001e9ef       0x58 Core/Src/main.o
 .debug_macro   0x000000000001ea47      0x188 Core/Src/main.o
 .debug_macro   0x000000000001ebcf      0x29d Core/Src/stm32f4xx_hal_msp.o
 .debug_macro   0x000000000001ee6c      0x2a7 Core/Src/stm32f4xx_it.o
 .debug_macro   0x000000000001f113       0xee Core/Src/sysmem.o
 .debug_macro   0x000000000001f201      0x23b Core/Src/sysmem.o
 .debug_macro   0x000000000001f43c      0x1ca Core/Src/system_stm32f4xx.o
 .debug_macro   0x000000000001f606      0x224 Drivers/STM32F4xx_HAL_Driver/Src/stm32f4xx_hal.o
 .debug_macro   0x000000000001f82a      0x1c4 Drivers/STM32F4xx_HAL_Driver/Src/stm32f4xx_hal_cortex.o
 .debug_macro   0x000000000001f9ee      0x1c4 Drivers/STM32F4xx_HAL_Driver/Src/stm32f4xx_hal_crc.o
 .debug_macro   0x000000000001fbb2      0x1ca Drivers/STM32F4xx_HAL_Driver/Src/stm32f4xx_hal_flash.o
 .debug_macro   0x000000000001fd7c      0x1ca Drivers/STM32F4xx_HAL_Driver/Src/stm32f4xx_hal_flash_ex.o
 .debug_macro   0x000000000001ff46      0x1fa Drivers/STM32F4xx_HAL_Driver/Src/stm32f4xx_hal_gpio.o
 .debug_macro   0x0000000000020140      0x1e8 Drivers/STM32F4xx_HAL_Driver/Src/stm32f4xx_hal_rcc.o
 .debug_macro   0x0000000000020328      0x1c4 Drivers/STM32F4xx_HAL_Driver/Src/stm32f4xx_hal_rcc_ex.o
 .debug_macro   0x00000000000204ec      0x1c5 Drivers/STM32F4xx_HAL_Driver/Src/stm32f4xx_hal_uart.o

.debug_line     0x0000000000000000     0x7cbd
 .debug_line    0x0000000000000000      0xb90 Core/Src/main.o
 .debug_line    0x0000000000000b90      0x873 Core/Src/stm32f4xx_hal_msp.o
 .debug_line    0x0000000000001403      0x8af Core/Src/stm32f4xx_it.o
 .debug_line    0x0000000000001cb2      0x4c7 Core/Src/sysmem.o
 .debug_line    0x0000000000002179      0x6c2 Core/Src/system_stm32f4xx.o
 .debug_line    0x000000000000283b       0x85 Core/Startup/startup_stm32f407vgtx.o
 .debug_line    0x00000000000028c0      0x8ac Drivers/STM32F4xx_HAL_Driver/Src/stm32f4xx_hal.o
 .debug_line    0x000000000000316c      0x9d0 Drivers/STM32F4xx_HAL_Driver/Src/stm32f4xx_hal_cortex.o
 .debug_line    0x0000000000003b3c      0x75b Drivers/STM32F4xx_HAL_Driver/Src/stm32f4xx_hal_crc.o
 .debug_line    0x0000000000004297      0x892 Drivers/STM32F4xx_HAL_Driver/Src/stm32f4xx_hal_flash.o
 .debug_line    0x0000000000004b29      0x87e Drivers/STM32F4xx_HAL_Driver/Src/stm32f4xx_hal_flash_ex.o
 .debug_line    0x00000000000053a7      0x88b Drivers/STM32F4xx_HAL_Driver/Src/stm32f4xx_hal_gpio.o
 .debug_line    0x0000000000005c32      0x904 Drivers/STM32F4xx_HAL_Driver/Src/stm32f4xx_hal_rcc.o
 .debug_line    0x0000000000006536      0x7cd Drivers/STM32F4xx_HAL_Driver/Src/stm32f4xx_hal_rcc_ex.o
 .debug_line    0x0000000000006d03      0xfba Drivers/STM32F4xx_HAL_Driver/Src/stm32f4xx_hal_uart.o

.debug_str      0x0000000000000000    0xc237e
 .debug_str     0x0000000000000000    0xbfe33 Core/Src/main.o
                                      0xc01e7 (size before relaxing)
 .debug_str     0x00000000000bfe33       0x78 Core/Src/stm32f4xx_hal_msp.o
                                      0xbfb4e (size before relaxing)
 .debug_str     0x00000000000bfeab       0xbd Core/Src/stm32f4xx_it.o
                                      0xbf57b (size before relaxing)
 .debug_str     0x00000000000bff68      0x4e9 Core/Src/sysmem.o
                                       0x5f60 (size before relaxing)
 .debug_str     0x00000000000c0451       0xc4 Core/Src/system_stm32f4xx.o
                                      0xbc060 (size before relaxing)
 .debug_str     0x00000000000c0515       0x36 Core/Startup/startup_stm32f407vgtx.o
                                         0x6d (size before relaxing)
 .debug_str     0x00000000000c054b      0xa4c Drivers/STM32F4xx_HAL_Driver/Src/stm32f4xx_hal.o
                                      0xbcb2d (size before relaxing)
 .debug_str     0x00000000000c0f97      0x399 Drivers/STM32F4xx_HAL_Driver/Src/stm32f4xx_hal_cortex.o
                                      0xbc91c (size before relaxing)
 .debug_str     0x00000000000c1330       0xa2 Drivers/STM32F4xx_HAL_Driver/Src/stm32f4xx_hal_crc.o
                                      0xbc0a5 (size before relaxing)
 .debug_str     0x00000000000c13d2      0x2a9 Drivers/STM32F4xx_HAL_Driver/Src/stm32f4xx_hal_flash.o
                                      0xbc236 (size before relaxing)
 .debug_str     0x00000000000c167b      0x214 Drivers/STM32F4xx_HAL_Driver/Src/stm32f4xx_hal_flash_ex.o
                                      0xbc29c (size before relaxing)
 .debug_str     0x00000000000c188f      0x207 Drivers/STM32F4xx_HAL_Driver/Src/stm32f4xx_hal_gpio.o
                                      0xbc29f (size before relaxing)
 .debug_str     0x00000000000c1a96      0x24e Drivers/STM32F4xx_HAL_Driver/Src/stm32f4xx_hal_rcc.o
                                      0xbc44d (size before relaxing)
 .debug_str     0x00000000000c1ce4      0x179 Drivers/STM32F4xx_HAL_Driver/Src/stm32f4xx_hal_rcc_ex.o
                                      0xbc195 (size before relaxing)
 .debug_str     0x00000000000c1e5d      0x521 Drivers/STM32F4xx_HAL_Driver/Src/stm32f4xx_hal_uart.o
                                      0xbc8ac (size before relaxing)

.comment        0x0000000000000000       0x7b
 .comment       0x0000000000000000       0x7b Core/Src/main.o
                                         0x7c (size before relaxing)
 .comment       0x000000000000007b       0x7c Core/Src/stm32f4xx_hal_msp.o
 .comment       0x000000000000007b       0x7c Core/Src/stm32f4xx_it.o
 .comment       0x000000000000007b       0x7c Core/Src/sysmem.o
 .comment       0x000000000000007b       0x7c Core/Src/system_stm32f4xx.o
 .comment       0x000000000000007b       0x7c Drivers/STM32F4xx_HAL_Driver/Src/stm32f4xx_hal.o
 .comment       0x000000000000007b       0x7c Drivers/STM32F4xx_HAL_Driver/Src/stm32f4xx_hal_cortex.o
 .comment       0x000000000000007b       0x7c Drivers/STM32F4xx_HAL_Driver/Src/stm32f4xx_hal_crc.o
 .comment       0x000000000000007b       0x7c Drivers/STM32F4xx_HAL_Driver/Src/stm32f4xx_hal_flash.o
 .comment       0x000000000000007b       0x7c Drivers/STM32F4xx_HAL_Driver/Src/stm32f4xx_hal_flash_ex.o
 .comment       0x000000000000007b       0x7c Drivers/STM32F4xx_HAL_Driver/Src/stm32f4xx_hal_gpio.o
 .comment       0x000000000000007b       0x7c Drivers/STM32F4xx_HAL_Driver/Src/stm32f4xx_hal_rcc.o
 .comment       0x000000000000007b       0x7c Drivers/STM32F4xx_HAL_Driver/Src/stm32f4xx_hal_rcc_ex.o
 .comment       0x000000000000007b       0x7c Drivers/STM32F4xx_HAL_Driver/Src/stm32f4xx_hal_uart.o

.debug_frame    0x0000000000000000     0x2558
 .debug_frame   0x0000000000000000      0x4dc Core/Src/main.o
 .debug_frame   0x00000000000004dc       0xcc Core/Src/stm32f4xx_hal_msp.o
 .debug_frame   0x00000000000005a8      0x104 Core/Src/stm32f4xx_it.o
 .debug_frame   0x00000000000006ac       0x34 Core/Src/sysmem.o
 .debug_frame   0x00000000000006e0       0x58 Core/Src/system_stm32f4xx.o
 .debug_frame   0x0000000000000738      0x374 Drivers/STM32F4xx_HAL_Driver/Src/stm32f4xx_hal.o
 .debug_frame   0x0000000000000aac      0x498 Drivers/STM32F4xx_HAL_Driver/Src/stm32f4xx_hal_cortex.o
 .debug_frame   0x0000000000000f44      0x120 Drivers/STM32F4xx_HAL_Driver/Src/stm32f4xx_hal_crc.o
 .debug_frame   0x0000000000001064      0x274 Drivers/STM32F4xx_HAL_Driver/Src/stm32f4xx_hal_flash.o
 .debug_frame   0x00000000000012d8      0x250 Drivers/STM32F4xx_HAL_Driver/Src/stm32f4xx_hal_flash_ex.o
 .debug_frame   0x0000000000001528      0x14c Drivers/STM32F4xx_HAL_Driver/Src/stm32f4xx_hal_gpio.o
 .debug_frame   0x0000000000001674      0x1f0 Drivers/STM32F4xx_HAL_Driver/Src/stm32f4xx_hal_rcc.o
 .debug_frame   0x0000000000001864       0xf0 Drivers/STM32F4xx_HAL_Driver/Src/stm32f4xx_hal_rcc_ex.o
 .debug_frame   0x0000000000001954      0x844 Drivers/STM32F4xx_HAL_Driver/Src/stm32f4xx_hal_uart.o
 .debug_frame   0x0000000000002198       0x20 c:/st/stm32cubeide_1.0.2/stm32cubeide/plugins/com.st.stm32cube.ide.mcu.externaltools.gnu-tools-for-stm32.7-2018-q2-update.win32_1.5.0.202011040924/tools/bin/../lib/gcc/arm-none-eabi/7.3.1/../../../../arm-none-eabi/lib/thumb/v7e-m/fpv4-sp/hard\libc_nano.a(lib_a-errno.o)
 .debug_frame   0x00000000000021b8       0x2c c:/st/stm32cubeide_1.0.2/stm32cubeide/plugins/com.st.stm32cube.ide.mcu.externaltools.gnu-tools-for-stm32.7-2018-q2-update.win32_1.5.0.202011040924/tools/bin/../lib/gcc/arm-none-eabi/7.3.1/../../../../arm-none-eabi/lib/thumb/v7e-m/fpv4-sp/hard\libc_nano.a(lib_a-init.o)
 .debug_frame   0x00000000000021e4       0x20 c:/st/stm32cubeide_1.0.2/stm32cubeide/plugins/com.st.stm32cube.ide.mcu.externaltools.gnu-tools-for-stm32.7-2018-q2-update.win32_1.5.0.202011040924/tools/bin/../lib/gcc/arm-none-eabi/7.3.1/../../../../arm-none-eabi/lib/thumb/v7e-m/fpv4-sp/hard\libc_nano.a(lib_a-memset.o)
 .debug_frame   0x0000000000002204       0x3c c:/st/stm32cubeide_1.0.2/stm32cubeide/plugins/com.st.stm32cube.ide.mcu.externaltools.gnu-tools-for-stm32.7-2018-q2-update.win32_1.5.0.202011040924/tools/bin/../lib/gcc/arm-none-eabi/7.3.1/../../../../arm-none-eabi/lib/thumb/v7e-m/fpv4-sp/hard\libc_nano.a(lib_a-vsprintf.o)
 .debug_frame   0x0000000000002240       0x90 c:/st/stm32cubeide_1.0.2/stm32cubeide/plugins/com.st.stm32cube.ide.mcu.externaltools.gnu-tools-for-stm32.7-2018-q2-update.win32_1.5.0.202011040924/tools/bin/../lib/gcc/arm-none-eabi/7.3.1/../../../../arm-none-eabi/lib/thumb/v7e-m/fpv4-sp/hard\libc_nano.a(lib_a-nano-svfprintf.o)
 .debug_frame   0x00000000000022d0       0x60 c:/st/stm32cubeide_1.0.2/stm32cubeide/plugins/com.st.stm32cube.ide.mcu.externaltools.gnu-tools-for-stm32.7-2018-q2-update.win32_1.5.0.202011040924/tools/bin/../lib/gcc/arm-none-eabi/7.3.1/../../../../arm-none-eabi/lib/thumb/v7e-m/fpv4-sp/hard\libc_nano.a(lib_a-nano-vfprintf_i.o)
 .debug_frame   0x0000000000002330       0x28 c:/st/stm32cubeide_1.0.2/stm32cubeide/plugins/com.st.stm32cube.ide.mcu.externaltools.gnu-tools-for-stm32.7-2018-q2-update.win32_1.5.0.202011040924/tools/bin/../lib/gcc/arm-none-eabi/7.3.1/../../../../arm-none-eabi/lib/thumb/v7e-m/fpv4-sp/hard\libc_nano.a(lib_a-memcpy-stub.o)
 .debug_frame   0x0000000000002358       0x28 c:/st/stm32cubeide_1.0.2/stm32cubeide/plugins/com.st.stm32cube.ide.mcu.externaltools.gnu-tools-for-stm32.7-2018-q2-update.win32_1.5.0.202011040924/tools/bin/../lib/gcc/arm-none-eabi/7.3.1/../../../../arm-none-eabi/lib/thumb/v7e-m/fpv4-sp/hard\libc_nano.a(lib_a-memmove.o)
 .debug_frame   0x0000000000002380       0x38 c:/st/stm32cubeide_1.0.2/stm32cubeide/plugins/com.st.stm32cube.ide.mcu.externaltools.gnu-tools-for-stm32.7-2018-q2-update.win32_1.5.0.202011040924/tools/bin/../lib/gcc/arm-none-eabi/7.3.1/../../../../arm-none-eabi/lib/thumb/v7e-m/fpv4-sp/hard\libc_nano.a(lib_a-nano-freer.o)
 .debug_frame   0x00000000000023b8       0x2c c:/st/stm32cubeide_1.0.2/stm32cubeide/plugins/com.st.stm32cube.ide.mcu.externaltools.gnu-tools-for-stm32.7-2018-q2-update.win32_1.5.0.202011040924/tools/bin/../lib/gcc/arm-none-eabi/7.3.1/../../../../arm-none-eabi/lib/thumb/v7e-m/fpv4-sp/hard\libc_nano.a(lib_a-nano-mallocr.o)
 .debug_frame   0x00000000000023e4       0x3c c:/st/stm32cubeide_1.0.2/stm32cubeide/plugins/com.st.stm32cube.ide.mcu.externaltools.gnu-tools-for-stm32.7-2018-q2-update.win32_1.5.0.202011040924/tools/bin/../lib/gcc/arm-none-eabi/7.3.1/../../../../arm-none-eabi/lib/thumb/v7e-m/fpv4-sp/hard\libc_nano.a(lib_a-nano-reallocr.o)
 .debug_frame   0x0000000000002420       0x2c c:/st/stm32cubeide_1.0.2/stm32cubeide/plugins/com.st.stm32cube.ide.mcu.externaltools.gnu-tools-for-stm32.7-2018-q2-update.win32_1.5.0.202011040924/tools/bin/../lib/gcc/arm-none-eabi/7.3.1/../../../../arm-none-eabi/lib/thumb/v7e-m/fpv4-sp/hard\libc_nano.a(lib_a-sbrkr.o)
 .debug_frame   0x000000000000244c       0x30 c:/st/stm32cubeide_1.0.2/stm32cubeide/plugins/com.st.stm32cube.ide.mcu.externaltools.gnu-tools-for-stm32.7-2018-q2-update.win32_1.5.0.202011040924/tools/bin/../lib/gcc/arm-none-eabi/7.3.1/../../../../arm-none-eabi/lib/thumb/v7e-m/fpv4-sp/hard\libc_nano.a(lib_a-mlock.o)
 .debug_frame   0x000000000000247c       0x20 c:/st/stm32cubeide_1.0.2/stm32cubeide/plugins/com.st.stm32cube.ide.mcu.externaltools.gnu-tools-for-stm32.7-2018-q2-update.win32_1.5.0.202011040924/tools/bin/../lib/gcc/arm-none-eabi/7.3.1/../../../../arm-none-eabi/lib/thumb/v7e-m/fpv4-sp/hard\libc_nano.a(lib_a-nano-msizer.o)
 .debug_frame   0x000000000000249c       0x5c c:/st/stm32cubeide_1.0.2/stm32cubeide/plugins/com.st.stm32cube.ide.mcu.externaltools.gnu-tools-for-stm32.7-2018-q2-update.win32_1.5.0.202011040924/tools/bin/../lib/gcc/arm-none-eabi/7.3.1/../../../../arm-none-eabi/lib/thumb/v7e-m/fpv4-sp/hard\libc_nano.a(lib_a-reent.o)
 .debug_frame   0x00000000000024f8       0x2c c:/st/stm32cubeide_1.0.2/stm32cubeide/plugins/com.st.stm32cube.ide.mcu.externaltools.gnu-tools-for-stm32.7-2018-q2-update.win32_1.5.0.202011040924/tools/bin/../lib/gcc/arm-none-eabi/7.3.1/thumb/v7e-m/fpv4-sp/hard\libgcc.a(_aeabi_uldivmod.o)
 .debug_frame   0x0000000000002524       0x34 c:/st/stm32cubeide_1.0.2/stm32cubeide/plugins/com.st.stm32cube.ide.mcu.externaltools.gnu-tools-for-stm32.7-2018-q2-update.win32_1.5.0.202011040924/tools/bin/../lib/gcc/arm-none-eabi/7.3.1/thumb/v7e-m/fpv4-sp/hard\libgcc.a(_udivmoddi4.o)

Cross Reference Table

Symbol                                            File
ADC_IRQHandler                                    Core/Startup/startup_stm32f407vgtx.o
AHBPrescTable                                     Core/Src/system_stm32f4xx.o
                                                  Drivers/STM32F4xx_HAL_Driver/Src/stm32f4xx_hal_rcc.o
APBPrescTable                                     Core/Src/system_stm32f4xx.o
                                                  Drivers/STM32F4xx_HAL_Driver/Src/stm32f4xx_hal_rcc.o
BusFault_Handler                                  Core/Src/stm32f4xx_it.o
CAN1_RX0_IRQHandler                               Core/Startup/startup_stm32f407vgtx.o
CAN1_RX1_IRQHandler                               Core/Startup/startup_stm32f407vgtx.o
CAN1_SCE_IRQHandler                               Core/Startup/startup_stm32f407vgtx.o
CAN1_TX_IRQHandler                                Core/Startup/startup_stm32f407vgtx.o
CAN2_RX0_IRQHandler                               Core/Startup/startup_stm32f407vgtx.o
CAN2_RX1_IRQHandler                               Core/Startup/startup_stm32f407vgtx.o
CAN2_SCE_IRQHandler                               Core/Startup/startup_stm32f407vgtx.o
CAN2_TX_IRQHandler                                Core/Startup/startup_stm32f407vgtx.o
DCMI_IRQHandler                                   Core/Startup/startup_stm32f407vgtx.o
DMA1_Stream0_IRQHandler                           Core/Startup/startup_stm32f407vgtx.o
DMA1_Stream1_IRQHandler                           Core/Startup/startup_stm32f407vgtx.o
DMA1_Stream2_IRQHandler                           Core/Startup/startup_stm32f407vgtx.o
DMA1_Stream3_IRQHandler                           Core/Startup/startup_stm32f407vgtx.o
DMA1_Stream4_IRQHandler                           Core/Startup/startup_stm32f407vgtx.o
DMA1_Stream5_IRQHandler                           Core/Startup/startup_stm32f407vgtx.o
DMA1_Stream6_IRQHandler                           Core/Startup/startup_stm32f407vgtx.o
DMA1_Stream7_IRQHandler                           Core/Startup/startup_stm32f407vgtx.o
DMA2_Stream0_IRQHandler                           Core/Startup/startup_stm32f407vgtx.o
DMA2_Stream1_IRQHandler                           Core/Startup/startup_stm32f407vgtx.o
DMA2_Stream2_IRQHandler                           Core/Startup/startup_stm32f407vgtx.o
DMA2_Stream3_IRQHandler                           Core/Startup/startup_stm32f407vgtx.o
DMA2_Stream4_IRQHandler                           Core/Startup/startup_stm32f407vgtx.o
DMA2_Stream5_IRQHandler                           Core/Startup/startup_stm32f407vgtx.o
DMA2_Stream6_IRQHandler                           Core/Startup/startup_stm32f407vgtx.o
DMA2_Stream7_IRQHandler                           Core/Startup/startup_stm32f407vgtx.o
DebugMon_Handler                                  Core/Src/stm32f4xx_it.o
Default_Handler                                   Core/Startup/startup_stm32f407vgtx.o
ETH_IRQHandler                                    Core/Startup/startup_stm32f407vgtx.o
ETH_WKUP_IRQHandler                               Core/Startup/startup_stm32f407vgtx.o
EXTI0_IRQHandler                                  Core/Startup/startup_stm32f407vgtx.o
EXTI15_10_IRQHandler                              Core/Startup/startup_stm32f407vgtx.o
EXTI1_IRQHandler                                  Core/Startup/startup_stm32f407vgtx.o
EXTI2_IRQHandler                                  Core/Startup/startup_stm32f407vgtx.o
EXTI3_IRQHandler                                  Core/Startup/startup_stm32f407vgtx.o
EXTI4_IRQHandler                                  Core/Startup/startup_stm32f407vgtx.o
EXTI9_5_IRQHandler                                Core/Startup/startup_stm32f407vgtx.o
Error_Handler                                     Core/Src/main.o
FLASH_Erase_Sector                                Drivers/STM32F4xx_HAL_Driver/Src/stm32f4xx_hal_flash_ex.o
                                                  Drivers/STM32F4xx_HAL_Driver/Src/stm32f4xx_hal_flash.o
FLASH_FlushCaches                                 Drivers/STM32F4xx_HAL_Driver/Src/stm32f4xx_hal_flash_ex.o
                                                  Drivers/STM32F4xx_HAL_Driver/Src/stm32f4xx_hal_flash.o
FLASH_IRQHandler                                  Core/Startup/startup_stm32f407vgtx.o
FLASH_WaitForLastOperation                        Drivers/STM32F4xx_HAL_Driver/Src/stm32f4xx_hal_flash.o
                                                  Drivers/STM32F4xx_HAL_Driver/Src/stm32f4xx_hal_flash_ex.o
FPU_IRQHandler                                    Core/Startup/startup_stm32f407vgtx.o
FSMC_IRQHandler                                   Core/Startup/startup_stm32f407vgtx.o
HAL_CRC_Accumulate                                Drivers/STM32F4xx_HAL_Driver/Src/stm32f4xx_hal_crc.o
                                                  Core/Src/main.o
HAL_CRC_Calculate                                 Drivers/STM32F4xx_HAL_Driver/Src/stm32f4xx_hal_crc.o
HAL_CRC_DeInit                                    Drivers/STM32F4xx_HAL_Driver/Src/stm32f4xx_hal_crc.o
                                                  Core/Src/main.o
HAL_CRC_GetState                                  Drivers/STM32F4xx_HAL_Driver/Src/stm32f4xx_hal_crc.o
HAL_CRC_Init                                      Drivers/STM32F4xx_HAL_Driver/Src/stm32f4xx_hal_crc.o
                                                  Core/Src/main.o
HAL_CRC_MspDeInit                                 Core/Src/stm32f4xx_hal_msp.o
HAL_CRC_MspInit                                   Core/Src/stm32f4xx_hal_msp.o
HAL_DBGMCU_DisableDBGSleepMode                    Drivers/STM32F4xx_HAL_Driver/Src/stm32f4xx_hal.o
HAL_DBGMCU_DisableDBGStandbyMode                  Drivers/STM32F4xx_HAL_Driver/Src/stm32f4xx_hal.o
HAL_DBGMCU_DisableDBGStopMode                     Drivers/STM32F4xx_HAL_Driver/Src/stm32f4xx_hal.o
HAL_DBGMCU_EnableDBGSleepMode                     Drivers/STM32F4xx_HAL_Driver/Src/stm32f4xx_hal.o
HAL_DBGMCU_EnableDBGStandbyMode                   Drivers/STM32F4xx_HAL_Driver/Src/stm32f4xx_hal.o
HAL_DBGMCU_EnableDBGStopMode                      Drivers/STM32F4xx_HAL_Driver/Src/stm32f4xx_hal.o
HAL_DMAEx_ChangeMemory                            Drivers/STM32F4xx_HAL_Driver/Src/stm32f4xx_hal_dma_ex.o
HAL_DMAEx_MultiBufferStart                        Drivers/STM32F4xx_HAL_Driver/Src/stm32f4xx_hal_dma_ex.o
HAL_DMAEx_MultiBufferStart_IT                     Drivers/STM32F4xx_HAL_Driver/Src/stm32f4xx_hal_dma_ex.o
HAL_DMA_Abort                                     Drivers/STM32F4xx_HAL_Driver/Src/stm32f4xx_hal_dma.o
                                                  Drivers/STM32F4xx_HAL_Driver/Src/stm32f4xx_hal_uart.o
HAL_DMA_Abort_IT                                  Drivers/STM32F4xx_HAL_Driver/Src/stm32f4xx_hal_dma.o
                                                  Drivers/STM32F4xx_HAL_Driver/Src/stm32f4xx_hal_uart.o
HAL_DMA_DeInit                                    Drivers/STM32F4xx_HAL_Driver/Src/stm32f4xx_hal_dma.o
HAL_DMA_GetError                                  Drivers/STM32F4xx_HAL_Driver/Src/stm32f4xx_hal_dma.o
                                                  Drivers/STM32F4xx_HAL_Driver/Src/stm32f4xx_hal_uart.o
HAL_DMA_GetState                                  Drivers/STM32F4xx_HAL_Driver/Src/stm32f4xx_hal_dma.o
HAL_DMA_IRQHandler                                Drivers/STM32F4xx_HAL_Driver/Src/stm32f4xx_hal_dma.o
HAL_DMA_Init                                      Drivers/STM32F4xx_HAL_Driver/Src/stm32f4xx_hal_dma.o
HAL_DMA_PollForTransfer                           Drivers/STM32F4xx_HAL_Driver/Src/stm32f4xx_hal_dma.o
HAL_DMA_RegisterCallback                          Drivers/STM32F4xx_HAL_Driver/Src/stm32f4xx_hal_dma.o
HAL_DMA_Start                                     Drivers/STM32F4xx_HAL_Driver/Src/stm32f4xx_hal_dma.o
HAL_DMA_Start_IT                                  Drivers/STM32F4xx_HAL_Driver/Src/stm32f4xx_hal_dma.o
                                                  Drivers/STM32F4xx_HAL_Driver/Src/stm32f4xx_hal_uart.o
HAL_DMA_UnRegisterCallback                        Drivers/STM32F4xx_HAL_Driver/Src/stm32f4xx_hal_dma.o
HAL_DeInit                                        Drivers/STM32F4xx_HAL_Driver/Src/stm32f4xx_hal.o
                                                  Core/Src/main.o
HAL_Delay                                         Drivers/STM32F4xx_HAL_Driver/Src/stm32f4xx_hal.o
                                                  Core/Src/main.o
HAL_DisableCompensationCell                       Drivers/STM32F4xx_HAL_Driver/Src/stm32f4xx_hal.o
HAL_EXTI_ClearConfigLine                          Drivers/STM32F4xx_HAL_Driver/Src/stm32f4xx_hal_exti.o
HAL_EXTI_ClearPending                             Drivers/STM32F4xx_HAL_Driver/Src/stm32f4xx_hal_exti.o
HAL_EXTI_GenerateSWI                              Drivers/STM32F4xx_HAL_Driver/Src/stm32f4xx_hal_exti.o
HAL_EXTI_GetConfigLine                            Drivers/STM32F4xx_HAL_Driver/Src/stm32f4xx_hal_exti.o
HAL_EXTI_GetHandle                                Drivers/STM32F4xx_HAL_Driver/Src/stm32f4xx_hal_exti.o
HAL_EXTI_GetPending                               Drivers/STM32F4xx_HAL_Driver/Src/stm32f4xx_hal_exti.o
HAL_EXTI_IRQHandler                               Drivers/STM32F4xx_HAL_Driver/Src/stm32f4xx_hal_exti.o
HAL_EXTI_RegisterCallback                         Drivers/STM32F4xx_HAL_Driver/Src/stm32f4xx_hal_exti.o
HAL_EXTI_SetConfigLine                            Drivers/STM32F4xx_HAL_Driver/Src/stm32f4xx_hal_exti.o
HAL_EnableCompensationCell                        Drivers/STM32F4xx_HAL_Driver/Src/stm32f4xx_hal.o
HAL_FLASHEx_Erase                                 Drivers/STM32F4xx_HAL_Driver/Src/stm32f4xx_hal_flash_ex.o
                                                  Core/Src/main.o
HAL_FLASHEx_Erase_IT                              Drivers/STM32F4xx_HAL_Driver/Src/stm32f4xx_hal_flash_ex.o
HAL_FLASHEx_OBGetConfig                           Drivers/STM32F4xx_HAL_Driver/Src/stm32f4xx_hal_flash_ex.o
HAL_FLASHEx_OBProgram                             Drivers/STM32F4xx_HAL_Driver/Src/stm32f4xx_hal_flash_ex.o
HAL_FLASH_EndOfOperationCallback                  Drivers/STM32F4xx_HAL_Driver/Src/stm32f4xx_hal_flash.o
HAL_FLASH_GetError                                Drivers/STM32F4xx_HAL_Driver/Src/stm32f4xx_hal_flash.o
HAL_FLASH_IRQHandler                              Drivers/STM32F4xx_HAL_Driver/Src/stm32f4xx_hal_flash.o
HAL_FLASH_Lock                                    Drivers/STM32F4xx_HAL_Driver/Src/stm32f4xx_hal_flash.o
                                                  Core/Src/main.o
HAL_FLASH_OB_Launch                               Drivers/STM32F4xx_HAL_Driver/Src/stm32f4xx_hal_flash.o
HAL_FLASH_OB_Lock                                 Drivers/STM32F4xx_HAL_Driver/Src/stm32f4xx_hal_flash.o
HAL_FLASH_OB_Unlock                               Drivers/STM32F4xx_HAL_Driver/Src/stm32f4xx_hal_flash.o
HAL_FLASH_OperationErrorCallback                  Drivers/STM32F4xx_HAL_Driver/Src/stm32f4xx_hal_flash.o
HAL_FLASH_Program                                 Drivers/STM32F4xx_HAL_Driver/Src/stm32f4xx_hal_flash.o
                                                  Core/Src/main.o
HAL_FLASH_Program_IT                              Drivers/STM32F4xx_HAL_Driver/Src/stm32f4xx_hal_flash.o
HAL_FLASH_Unlock                                  Drivers/STM32F4xx_HAL_Driver/Src/stm32f4xx_hal_flash.o
                                                  Core/Src/main.o
HAL_GPIO_DeInit                                   Drivers/STM32F4xx_HAL_Driver/Src/stm32f4xx_hal_gpio.o
                                                  Core/Src/stm32f4xx_hal_msp.o
HAL_GPIO_EXTI_Callback                            Drivers/STM32F4xx_HAL_Driver/Src/stm32f4xx_hal_gpio.o
HAL_GPIO_EXTI_IRQHandler                          Drivers/STM32F4xx_HAL_Driver/Src/stm32f4xx_hal_gpio.o
HAL_GPIO_Init                                     Drivers/STM32F4xx_HAL_Driver/Src/stm32f4xx_hal_gpio.o
                                                  Drivers/STM32F4xx_HAL_Driver/Src/stm32f4xx_hal_rcc.o
                                                  Core/Src/stm32f4xx_hal_msp.o
                                                  Core/Src/main.o
HAL_GPIO_LockPin                                  Drivers/STM32F4xx_HAL_Driver/Src/stm32f4xx_hal_gpio.o
HAL_GPIO_ReadPin                                  Drivers/STM32F4xx_HAL_Driver/Src/stm32f4xx_hal_gpio.o
                                                  Core/Src/main.o
HAL_GPIO_TogglePin                                Drivers/STM32F4xx_HAL_Driver/Src/stm32f4xx_hal_gpio.o
                                                  Core/Src/main.o
HAL_GPIO_WritePin                                 Drivers/STM32F4xx_HAL_Driver/Src/stm32f4xx_hal_gpio.o
                                                  Core/Src/main.o
HAL_GetDEVID                                      Drivers/STM32F4xx_HAL_Driver/Src/stm32f4xx_hal.o
HAL_GetHalVersion                                 Drivers/STM32F4xx_HAL_Driver/Src/stm32f4xx_hal.o
HAL_GetREVID                                      Drivers/STM32F4xx_HAL_Driver/Src/stm32f4xx_hal.o
HAL_GetTick                                       Drivers/STM32F4xx_HAL_Driver/Src/stm32f4xx_hal.o
                                                  Drivers/STM32F4xx_HAL_Driver/Src/stm32f4xx_hal_uart.o
                                                  Drivers/STM32F4xx_HAL_Driver/Src/stm32f4xx_hal_rcc_ex.o
                                                  Drivers/STM32F4xx_HAL_Driver/Src/stm32f4xx_hal_rcc.o
                                                  Drivers/STM32F4xx_HAL_Driver/Src/stm32f4xx_hal_pwr_ex.o