main.c:67:5:main	8	static
main.c:121:6:SystemClock_Config	88	static
main.c:165:13:MX_USART3_UART_Init	8	static
main.c:198:13:MX_GPIO_Init	56	static
main.c:255:6:vishwaboot_jumptoApplication	24	static,ignoring_inline_asm
main.c:268:6:vishwaboot_runBootloader	8	static
main.c:337:6:bootloader_handle_getver_cmd	16	static
main.c:338:6:bootloader_handle_gethelp_cmd	16	static
main.c:339:6:bootloader_handle_getcid_cmd	16	static
main.c:340:6:bootloader_handle_getrdp_cmd	16	static
main.c:341:6:bootloader_handle_go_cmd	16	static
main.c:342:6:bootloader_handle_flash_erase_cmd	16	static
main.c:343:6:bootloader_handle_mem_write_cmd	16	static
main.c:344:6:bootloader_handle_en_rw_protect	16	static
main.c:345:6:bootloader_handle_mem_read	16	static
main.c:346:6:bootloader_handle_read_sector_protection_status	16	static
main.c:347:6:bootloader_handle_read_otp	16	static
main.c:348:6:bootloader_handle_dis_rw_protect	16	static
main.c:350:6:bootloader_send_ack	16	static
main.c:351:6:bootloader_send_nack	4	static
main.c:353:9:bootloader_verify_crc	24	static
main.c:354:9:get_bootloader_version	4	static
main.c:355:6:bootloader_uart_write_data	16	static
main.c:357:10:get_mcu_chip_id	4	static
main.c:358:9:get_flash_rdp_level	4	static
main.c:359:9:verify_address	16	static
main.c:360:9:execute_flash_erase	16	static
main.c:361:9:execute_mem_write	24	static
main.c:363:9:configure_flash_sector_rw_protection	16	static
main.c:365:10:read_OB_rw_protection_status	4	static
main.c:372:6:Error_Handler	4	static,ignoring_inline_asm
